Archive member included because of file (symbol)

d:/freescale/kds_3.0.0/toolchain/bin/../lib/gcc/arm-none-eabi/4.8.4/armv7e-m\libgcc.a(_arm_addsubdf3.o)
                              ./source/main.o (__aeabi_dsub)
d:/freescale/kds_3.0.0/toolchain/bin/../lib/gcc/arm-none-eabi/4.8.4/armv7e-m\libgcc.a(_arm_muldivdf3.o)
                              ./source/main.o (__aeabi_dmul)
d:/freescale/kds_3.0.0/toolchain/bin/../lib/gcc/arm-none-eabi/4.8.4/armv7e-m\libgcc.a(_arm_truncdfsf2.o)
                              ./source/main.o (__aeabi_d2f)
d:/freescale/kds_3.0.0/toolchain/bin/../lib/gcc/arm-none-eabi/4.8.4/armv7e-m\libgcc.a(_arm_addsubsf3.o)
                              ./source/main.o (__aeabi_fsub)
d:/freescale/kds_3.0.0/toolchain/bin/../lib/gcc/arm-none-eabi/4.8.4/armv7e-m\libgcc.a(_arm_cmpsf2.o)
                              ./source/main.o (__aeabi_fcmplt)
d:/freescale/kds_3.0.0/toolchain/bin/../lib/gcc/arm-none-eabi/4.8.4/armv7e-m\libgcc.a(_arm_fixsfsi.o)
                              ./source/main.o (__aeabi_f2iz)
d:/freescale/kds_3.0.0/toolchain/bin/../lib/gcc/arm-none-eabi/4.8.4/armv7e-m\libgcc.a(_aeabi_uldivmod.o)
                              ./source/main.o (__aeabi_uldivmod)
d:/freescale/kds_3.0.0/toolchain/bin/../lib/gcc/arm-none-eabi/4.8.4/armv7e-m\libgcc.a(bpabi.o)
                              d:/freescale/kds_3.0.0/toolchain/bin/../lib/gcc/arm-none-eabi/4.8.4/armv7e-m\libgcc.a(_aeabi_uldivmod.o) (__gnu_uldivmod_helper)
d:/freescale/kds_3.0.0/toolchain/bin/../lib/gcc/arm-none-eabi/4.8.4/armv7e-m\libgcc.a(_dvmd_tls.o)
                              d:/freescale/kds_3.0.0/toolchain/bin/../lib/gcc/arm-none-eabi/4.8.4/armv7e-m\libgcc.a(_aeabi_uldivmod.o) (__aeabi_ldiv0)
d:/freescale/kds_3.0.0/toolchain/bin/../lib/gcc/arm-none-eabi/4.8.4/armv7e-m\libgcc.a(_divdi3.o)
                              d:/freescale/kds_3.0.0/toolchain/bin/../lib/gcc/arm-none-eabi/4.8.4/armv7e-m\libgcc.a(bpabi.o) (__divdi3)
d:/freescale/kds_3.0.0/toolchain/bin/../lib/gcc/arm-none-eabi/4.8.4/armv7e-m\libgcc.a(_udivdi3.o)
                              d:/freescale/kds_3.0.0/toolchain/bin/../lib/gcc/arm-none-eabi/4.8.4/armv7e-m\libgcc.a(bpabi.o) (__udivdi3)
d:/freescale/kds_3.0.0/toolchain/bin/../lib/gcc/arm-none-eabi/4.8.4/../../../../arm-none-eabi/lib/armv7e-m\libg_s.a(lib_a-errno.o)
                              ./utilities/fsl_sbrk.o (__errno)
d:/freescale/kds_3.0.0/toolchain/bin/../lib/gcc/arm-none-eabi/4.8.4/../../../../arm-none-eabi/lib/armv7e-m\libg_s.a(lib_a-exit.o)
                              d:/freescale/kds_3.0.0/toolchain/bin/../lib/gcc/arm-none-eabi/4.8.4/../../../../arm-none-eabi/lib/armv7e-m/crt0.o (exit)
d:/freescale/kds_3.0.0/toolchain/bin/../lib/gcc/arm-none-eabi/4.8.4/../../../../arm-none-eabi/lib/armv7e-m\libg_s.a(lib_a-impure.o)
                              d:/freescale/kds_3.0.0/toolchain/bin/../lib/gcc/arm-none-eabi/4.8.4/../../../../arm-none-eabi/lib/armv7e-m\libg_s.a(lib_a-exit.o) (_global_impure_ptr)
d:/freescale/kds_3.0.0/toolchain/bin/../lib/gcc/arm-none-eabi/4.8.4/../../../../arm-none-eabi/lib/armv7e-m\libg_s.a(lib_a-init.o)
                              d:/freescale/kds_3.0.0/toolchain/bin/../lib/gcc/arm-none-eabi/4.8.4/../../../../arm-none-eabi/lib/armv7e-m/crt0.o (__libc_init_array)
d:/freescale/kds_3.0.0/toolchain/bin/../lib/gcc/arm-none-eabi/4.8.4/../../../../arm-none-eabi/lib/armv7e-m\libg_s.a(lib_a-memcpy-stub.o)
                              ./drivers/fsl_enet.o (memcpy)
d:/freescale/kds_3.0.0/toolchain/bin/../lib/gcc/arm-none-eabi/4.8.4/../../../../arm-none-eabi/lib/armv7e-m\libg_s.a(lib_a-memmove.o)
                              ./utilities/fsl_shell.o (memmove)
d:/freescale/kds_3.0.0/toolchain/bin/../lib/gcc/arm-none-eabi/4.8.4/../../../../arm-none-eabi/lib/armv7e-m\libg_s.a(lib_a-memset.o)
                              d:/freescale/kds_3.0.0/toolchain/bin/../lib/gcc/arm-none-eabi/4.8.4/../../../../arm-none-eabi/lib/armv7e-m/crt0.o (memset)
d:/freescale/kds_3.0.0/toolchain/bin/../lib/gcc/arm-none-eabi/4.8.4/../../../../arm-none-eabi/lib/armv7e-m\libg_s.a(lib_a-sprintf.o)
                              ./source/main.o (sprintf)
d:/freescale/kds_3.0.0/toolchain/bin/../lib/gcc/arm-none-eabi/4.8.4/../../../../arm-none-eabi/lib/armv7e-m\libg_s.a(lib_a-strlen.o)
                              ./utilities/fsl_debug_console.o (strlen)
d:/freescale/kds_3.0.0/toolchain/bin/../lib/gcc/arm-none-eabi/4.8.4/../../../../arm-none-eabi/lib/armv7e-m\libg_s.a(lib_a-svfprintf.o)
                              d:/freescale/kds_3.0.0/toolchain/bin/../lib/gcc/arm-none-eabi/4.8.4/../../../../arm-none-eabi/lib/armv7e-m\libg_s.a(lib_a-sprintf.o) (_svfprintf_r)
d:/freescale/kds_3.0.0/toolchain/bin/../lib/gcc/arm-none-eabi/4.8.4/../../../../arm-none-eabi/lib/armv7e-m\libg_s.a(lib_a-vfprintf_i.o)
                              d:/freescale/kds_3.0.0/toolchain/bin/../lib/gcc/arm-none-eabi/4.8.4/../../../../arm-none-eabi/lib/armv7e-m\libg_s.a(lib_a-svfprintf.o) (_printf_i)
[...]
Memory Configuration

Name             Origin             Length             Attributes
m_interrupts     0x00000000         0x00000400         xr
m_flash_config   0x00000400         0x00000010         xr
m_text           0x00000410         0x0007fbf0         xr
m_data           0x1fff0000         0x00010000         rw
m_data_2         0x20000000         0x00010000         rw
*default*        0x00000000         0xffffffff

Linker script and memory map

LOAD d:/freescale/kds_3.0.0/toolchain/bin/../lib/gcc/arm-none-eabi/4.8.4/armv7e-m/crti.o
LOAD d:/freescale/kds_3.0.0/toolchain/bin/../lib/gcc/arm-none-eabi/4.8.4/armv7e-m/crtbegin.o
LOAD d:/freescale/kds_3.0.0/toolchain/bin/../lib/gcc/arm-none-eabi/4.8.4/../../../../arm-none-eabi/lib/armv7e-m/crt0.o
LOAD ./utilities/fsl_debug_console.o
LOAD ./utilities/fsl_notifier.o
LOAD ./utilities/fsl_sbrk.o
LOAD ./utilities/fsl_shell.o
LOAD ./startup/startup_MK60D10.o
LOAD ./source/main.o
LOAD ./drivers/fsl_adc16.o
LOAD ./drivers/fsl_clock.o
LOAD ./drivers/fsl_cmp.o
LOAD ./drivers/fsl_cmt.o
LOAD ./drivers/fsl_common.o
LOAD ./drivers/fsl_crc.o
LOAD ./drivers/fsl_dac.o
LOAD ./drivers/fsl_dmamux.o
LOAD ./drivers/fsl_dspi.o
LOAD ./drivers/fsl_dspi_edma.o
LOAD ./drivers/fsl_edma.o
LOAD ./drivers/fsl_enet.o
LOAD ./drivers/fsl_ewm.o
LOAD ./drivers/fsl_flash.o
LOAD ./drivers/fsl_flexbus.o
LOAD ./drivers/fsl_flexcan.o
LOAD ./drivers/fsl_ftm.o
LOAD ./drivers/fsl_gpio.o
LOAD ./drivers/fsl_i2c.o
LOAD ./drivers/fsl_i2c_edma.o
LOAD ./drivers/fsl_llwu.o
LOAD ./drivers/fsl_lptmr.o
LOAD ./drivers/fsl_pdb.o
LOAD ./drivers/fsl_pit.o
LOAD ./drivers/fsl_pmc.o
LOAD ./drivers/fsl_rcm.o
LOAD ./drivers/fsl_rnga.o
LOAD ./drivers/fsl_rtc.o
LOAD ./drivers/fsl_sai.o
LOAD ./drivers/fsl_sai_edma.o
LOAD ./drivers/fsl_sdhc.o
LOAD ./drivers/fsl_sim.o
LOAD ./drivers/fsl_smc.o
LOAD ./drivers/fsl_sysmpu.o
LOAD ./drivers/fsl_tsi_v2.o
LOAD ./drivers/fsl_uart.o
LOAD ./drivers/fsl_uart_edma.o
LOAD ./drivers/fsl_vref.o
LOAD ./drivers/fsl_wdog.o
LOAD ./board/board.o
LOAD ./board/clock_config.o
LOAD ./board/pin_mux.o
LOAD ./CMSIS/system_MK60D10.o
LOAD d:/freescale/kds_3.0.0/toolchain/bin/../lib/gcc/arm-none-eabi/4.8.4/../../../../arm-none-eabi/lib/armv7e-m\libstdc++_s.a
LOAD d:/freescale/kds_3.0.0/toolchain/bin/../lib/gcc/arm-none-eabi/4.8.4/../../../../arm-none-eabi/lib/armv7e-m\libm.a
START GROUP
LOAD d:/freescale/kds_3.0.0/toolchain/bin/../lib/gcc/arm-none-eabi/4.8.4/armv7e-m\libgcc.a
LOAD d:/freescale/kds_3.0.0/toolchain/bin/../lib/gcc/arm-none-eabi/4.8.4/../../../../arm-none-eabi/lib/armv7e-m\libg_s.a
LOAD d:/freescale/kds_3.0.0/toolchain/bin/../lib/gcc/arm-none-eabi/4.8.4/../../../../arm-none-eabi/lib/armv7e-m\libc_s.a
END GROUP
START GROUP
LOAD d:/freescale/kds_3.0.0/toolchain/bin/../lib/gcc/arm-none-eabi/4.8.4/armv7e-m\libgcc.a
LOAD d:/freescale/kds_3.0.0/toolchain/bin/../lib/gcc/arm-none-eabi/4.8.4/../../../../arm-none-eabi/lib/armv7e-m\libc_s.a
LOAD d:/freescale/kds_3.0.0/toolchain/bin/../lib/gcc/arm-none-eabi/4.8.4/../../../../arm-none-eabi/lib/armv7e-m\libnosys.a
END GROUP
START GROUP
LOAD d:/freescale/kds_3.0.0/toolchain/bin/../lib/gcc/arm-none-eabi/4.8.4/armv7e-m\libgcc.a
LOAD d:/freescale/kds_3.0.0/toolchain/bin/../lib/gcc/arm-none-eabi/4.8.4/../../../../arm-none-eabi/lib/armv7e-m\libc_s.a
LOAD d:/freescale/kds_3.0.0/toolchain/bin/../lib/gcc/arm-none-eabi/4.8.4/../../../../arm-none-eabi/lib/armv7e-m\libnosys.a
END GROUP
LOAD d:/freescale/kds_3.0.0/toolchain/bin/../lib/gcc/arm-none-eabi/4.8.4/armv7e-m/crtend.o
LOAD d:/freescale/kds_3.0.0/toolchain/bin/../lib/gcc/arm-none-eabi/4.8.4/armv7e-m/crtn.o
                0x00000400                HEAP_SIZE = DEFINED (__heap_size__)?__heap_size__:0x400
                0x00000400                STACK_SIZE = DEFINED (__stack_size__)?__stack_size__:0x400
                0x00000000                M_VECTOR_RAM_SIZE = DEFINED (__ram_vector_table__)?0x400:0x0

.interrupts     0x00000000      0x400
                0x00000000                __VECTOR_TABLE = .
                0x00000000                . = ALIGN (0x4)
 *(.isr_vector)
 .isr_vector    0x00000000      0x400 ./startup/startup_MK60D10.o
                0x00000000                __isr_vector
                0x00000400                . = ALIGN (0x4)

.flash_config   0x00000400       0x10
                0x00000400                . = ALIGN (0x4)
 *(.FlashConfig)
 .FlashConfig   0x00000400       0x10 ./startup/startup_MK60D10.o
                0x00000410                . = ALIGN (0x4)

.text           0x00000410     0x55f8
                0x00000410                . = ALIGN (0x4)
 *(.text)
 .text          0x00000410       0x54 d:/freescale/kds_3.0.0/toolchain/bin/../lib/gcc/arm-none-eabi/4.8.4/armv7e-m/crtbegin.o
 .text          0x00000464       0x74 d:/freescale/kds_3.0.0/toolchain/bin/../lib/gcc/arm-none-eabi/4.8.4/../../../../arm-none-eabi/lib/armv7e-m/crt0.o
                0x00000464                _start
                0x00000464                _mainCRTStartup
 .text          0x000004d8      0x1fc ./startup/startup_MK60D10.o
                0x000004d8                Reset_Handler
                0x00000520                Reserved111_IRQHandler
                0x00000520                DebugMon_Handler
                0x00000520                PORTC_IRQHandler
                0x00000520                CMP0_IRQHandler
                0x00000520                ENET_Transmit_DriverIRQHandler
                0x00000520                DMA_Error_DriverIRQHandler
                0x00000520                UART1_ERR_DriverIRQHandler
                0x00000520                BusFault_Handler
                0x00000520                Reserved114_IRQHandler
                0x00000520                LPTMR0_IRQHandler
                0x00000520                FTM2_IRQHandler
                0x00000520                FTFL_IRQHandler
                0x00000520                MCM_IRQHandler
                0x00000520                DAC1_IRQHandler
                0x00000520                Reserved59_IRQHandler
                0x00000520                PORTA_IRQHandler
                0x00000520                Reserved119_IRQHandler
                0x00000520                FTM0_IRQHandler
                0x00000520                CMP2_IRQHandler
                0x00000520                LLWU_IRQHandler
                0x00000520                Reserved116_IRQHandler
                0x00000520                TSI0_IRQHandler
                0x00000520                LVD_LVW_IRQHandler
                0x00000520                PIT1_IRQHandler
                0x00000520                ENET_1588_Timer_DriverIRQHandler
                0x00000520                SWI_IRQHandler
                0x00000520                ADC0_IRQHandler
                0x00000520                UsageFault_Handler
                0x00000520                Reserved112_IRQHandler
                0x00000520                CMT_IRQHandler
                0x00000520                ENET_Error_DriverIRQHandler
                0x00000520                Reserved118_IRQHandler
                0x00000520                DefaultISR
                0x00000520                DAC0_IRQHandler
                0x00000520                UART5_ERR_DriverIRQHandler
                0x00000520                ENET_Receive_DriverIRQHandler
                0x00000520                CMP1_IRQHandler
                0x00000520                PORTD_IRQHandler
                0x00000520                PORTB_IRQHandler
                0x00000520                RNG_IRQHandler
                0x00000520                UART2_ERR_DriverIRQHandler
                0x00000520                ADC1_IRQHandler
                0x00000520                PIT2_IRQHandler
                0x00000520                Reserved109_IRQHandler
                0x00000520                UART0_LON_DriverIRQHandler
                0x00000520                RTC_IRQHandler
                0x00000520                UART3_ERR_DriverIRQHandler
                0x00000520                PDB0_IRQHandler
                0x00000520                Reserved115_IRQHandler
                0x00000520                UART0_ERR_DriverIRQHandler
                0x00000520                FTM1_IRQHandler
                0x00000520                MemManage_Handler
                0x00000520                Reserved95_IRQHandler
                0x00000520                WDOG_EWM_IRQHandler
                0x00000520                PIT3_IRQHandler
                0x00000520                UART4_ERR_DriverIRQHandler
                0x00000520                RTC_Seconds_IRQHandler
                0x00000520                MCG_IRQHandler
                0x00000520                Reserved108_IRQHandler
                0x00000520                Reserved113_IRQHandler
                0x00000520                Reserved117_IRQHandler
                0x00000520                USB0_IRQHandler
                0x00000520                USBDCD_IRQHandler
                0x00000520                Reserved102_IRQHandler
                0x00000520                Read_Collision_IRQHandler
                0x00000524                NMI_Handler
                0x00000528                HardFault_Handler
                0x0000052c                SVC_Handler
                0x00000530                PendSV_Handler
                0x00000534                SysTick_Handler
                0x00000538                DMA0_IRQHandler
                0x0000053c                DMA1_IRQHandler
                0x00000540                DMA2_IRQHandler
                0x00000544                DMA3_IRQHandler
                0x00000548                DMA4_IRQHandler
                0x0000054c                DMA5_IRQHandler
                0x00000550                DMA6_IRQHandler
                0x00000554                DMA7_IRQHandler
                0x00000558                DMA8_IRQHandler
                0x0000055c                DMA9_IRQHandler
                0x00000560                DMA10_IRQHandler
                0x00000564                DMA11_IRQHandler
                0x00000568                DMA12_IRQHandler
                0x0000056c                DMA13_IRQHandler
                0x00000570                DMA14_IRQHandler
                0x00000574                DMA15_IRQHandler
                0x00000578                DMA_Error_IRQHandler
                0x0000057c                I2C0_IRQHandler
                0x00000580                I2C1_IRQHandler
                0x00000584                SPI0_IRQHandler
                0x00000588                SPI1_IRQHandler
                0x0000058c                SPI2_IRQHandler
                0x00000590                CAN0_ORed_Message_buffer_IRQHandler
                0x00000594                CAN0_Bus_Off_IRQHandler
                0x00000598                CAN0_Error_IRQHandler
                0x0000059c                CAN0_Tx_Warning_IRQHandler
                0x000005a0                CAN0_Rx_Warning_IRQHandler
                0x000005a4                CAN0_Wake_Up_IRQHandler
                0x000005a8                I2S0_Tx_IRQHandler
                0x000005ac                I2S0_Rx_IRQHandler
                0x000005b0                CAN1_ORed_Message_buffer_IRQHandler
                0x000005b4                CAN1_Bus_Off_IRQHandler
                0x000005b8                CAN1_Error_IRQHandler
                0x000005bc                CAN1_Tx_Warning_IRQHandler
                0x000005c0                CAN1_Rx_Warning_IRQHandler
                0x000005c4                CAN1_Wake_Up_IRQHandler
                0x000005c8                UART0_LON_IRQHandler
                0x000005cc                UART0_RX_TX_IRQHandler
                0x000005d0                UART0_ERR_IRQHandler
                0x000005d4                UART1_RX_TX_IRQHandler
                0x000005d8                UART1_ERR_IRQHandler
                0x000005dc                UART2_RX_TX_IRQHandler
                0x000005e0                UART2_ERR_IRQHandler
                0x000005e4                UART3_RX_TX_IRQHandler
                0x000005e8                UART3_ERR_IRQHandler
                0x000005ec                UART4_RX_TX_IRQHandler
                0x000005f0                UART4_ERR_IRQHandler
                0x000005f4                UART5_RX_TX_IRQHandler
                0x000005f8                UART5_ERR_IRQHandler
                0x0000060c                SDHC_IRQHandler
 .text          0x000006d4      0x370 d:/freescale/kds_3.0.0/toolchain/bin/../lib/gcc/arm-none-eabi/4.8.4/armv7e-m\libgcc.a(_arm_addsubdf3.o)
                0x000006d4                __aeabi_drsub
                0x000006dc                __aeabi_dsub
                0x000006dc                __subdf3
                0x000006e0                __aeabi_dadd
                0x000006e0                __adddf3
                0x00000958                __floatunsidf
                0x00000958                __aeabi_ui2d
                0x00000978                __floatsidf
                0x00000978                __aeabi_i2d
                0x0000099c                __aeabi_f2d
                0x0000099c                __extendsfdf2
                0x000009d8                __floatundidf
                0x000009d8                __aeabi_ul2d
                0x000009e8                __floatdidf
                0x000009e8                __aeabi_l2d
 .text          0x00000a44      0x424 d:/freescale/kds_3.0.0/toolchain/bin/../lib/gcc/arm-none-eabi/4.8.4/armv7e-m\libgcc.a(_arm_muldivdf3.o)
                0x00000a44                __aeabi_dmul
                0x00000a44                __muldf3
                0x00000c98                __divdf3
                0x00000c98                __aeabi_ddiv
 .text          0x00000e68       0xa0 d:/freescale/kds_3.0.0/toolchain/bin/../lib/gcc/arm-none-eabi/4.8.4/armv7e-m\libgcc.a(_arm_truncdfsf2.o)
                0x00000e68                __truncdfsf2
                0x00000e68                __aeabi_d2f
 .text          0x00000f08      0x21c d:/freescale/kds_3.0.0/toolchain/bin/../lib/gcc/arm-none-eabi/4.8.4/armv7e-m\libgcc.a(_arm_addsubsf3.o)
                0x00000f08                __aeabi_frsub
                0x00000f10                __subsf3
                0x00000f10                __aeabi_fsub
                0x00000f14                __aeabi_fadd
                0x00000f14                __addsf3
                0x00001074                __aeabi_ui2f
                0x00001074                __floatunsisf
                0x0000107c                __aeabi_i2f
                0x0000107c                __floatsisf
                0x00001098                __aeabi_ul2f
                0x00001098                __floatundisf
                0x000010a8                __aeabi_l2f
                0x000010a8                __floatdisf
 .text          0x00001124       0xec d:/freescale/kds_3.0.0/toolchain/bin/../lib/gcc/arm-none-eabi/4.8.4/armv7e-m\libgcc.a(_arm_cmpsf2.o)
                0x00001124                __gesf2
                0x00001124                __gtsf2
                0x0000112c                __lesf2
                0x0000112c                __ltsf2
                0x00001134                __nesf2
                0x00001134                __eqsf2
                0x00001134                __cmpsf2
                0x00001194                __aeabi_cfrcmple
                0x0000119c                __aeabi_cfcmpeq
                0x0000119c                __aeabi_cfcmple
                0x000011ac                __aeabi_fcmpeq
                0x000011c0                __aeabi_fcmplt
                0x000011d4                __aeabi_fcmple
                0x000011e8                __aeabi_fcmpge
                0x000011fc                __aeabi_fcmpgt
 .text          0x00001210       0x4c d:/freescale/kds_3.0.0/toolchain/bin/../lib/gcc/arm-none-eabi/4.8.4/armv7e-m\libgcc.a(_arm_fixsfsi.o)
                0x00001210                __aeabi_f2iz
                0x00001210                __fixsfsi
 .text          0x0000125c       0x2c d:/freescale/kds_3.0.0/toolchain/bin/../lib/gcc/arm-none-eabi/4.8.4/armv7e-m\libgcc.a(_aeabi_uldivmod.o)
                0x0000125c                __aeabi_uldivmod
 .text          0x00001288       0x60 d:/freescale/kds_3.0.0/toolchain/bin/../lib/gcc/arm-none-eabi/4.8.4/armv7e-m\libgcc.a(bpabi.o)
                0x00001288                __gnu_ldivmod_helper
                0x000012b8                __gnu_uldivmod_helper
 .text          0x000012e8        0x4 d:/freescale/kds_3.0.0/toolchain/bin/../lib/gcc/arm-none-eabi/4.8.4/armv7e-m\libgcc.a(_dvmd_tls.o)
                0x000012e8                __aeabi_idiv0
                0x000012e8                __aeabi_ldiv0
 .text          0x000012ec      0x298 d:/freescale/kds_3.0.0/toolchain/bin/../lib/gcc/arm-none-eabi/4.8.4/armv7e-m\libgcc.a(_divdi3.o)
                0x000012ec                __divdi3
 .text          0x00001584      0x284 d:/freescale/kds_3.0.0/toolchain/bin/../lib/gcc/arm-none-eabi/4.8.4/armv7e-m\libgcc.a(_udivdi3.o)
                0x00001584                __udivdi3
 *(.text*)
 .text.DbgConsole_Printf
                0x00001808       0x40 ./utilities/fsl_debug_console.o
                0x00001808                DbgConsole_Printf
 .text.DbgConsole_Putchar
                0x00001848       0x38 ./utilities/fsl_debug_console.o
                0x00001848                DbgConsole_Putchar
 .text.DbgConsole_PrintfPaddingCharacter
                0x00001880       0x40 ./utilities/fsl_debug_console.o
 .text.DbgConsole_ConvertRadixNumToString
                0x000018c0      0x118 ./utilities/fsl_debug_console.o
 .text.DbgConsole_PrintfFormattedData
                0x000019d8      0x36c ./utilities/fsl_debug_console.o
 .text._sbrk    0x00001d44       0x5c ./utilities/fsl_sbrk.o
                0x00001d44                _sbrk
 .text.NVIC_EnableIRQ
                0x00001da0       0x30 ./source/main.o
 .text.CLOCK_EnableClock
                0x00001dd0       0x34 ./source/main.o
 .text.EnableIRQ
                0x00001e04       0x28 ./source/main.o
 .text.ADC16_EnableHardwareTrigger
                0x00001e2c       0x38 ./source/main.o
 .text.ADC16_GetChannelConversionValue
                0x00001e64       0x3c ./source/main.o
 .text.GPIO_WritePinOutput
                0x00001ea0       0x34 ./source/main.o
 .text.LPTMR_SetTimerPeriod
                0x00001ed4       0x38 ./source/main.o
 .text.LPTMR_GetCurrentTimerCount
                0x00001f0c       0x20 ./source/main.o
 .text.LPTMR_StartTimer
                0x00001f2c       0x30 ./source/main.o
 .text.LPTMR_StopTimer
                0x00001f5c       0x30 ./source/main.o
 .text.PIT_GetDefaultConfig
                0x00001f8c       0x34 ./source/main.o
 .text.PIT_EnableInterrupts
                0x00001fc0       0x38 ./source/main.o
 .text.PIT_ClearStatusFlags
                0x00001ff8       0x28 ./source/main.o
 .text.PIT_SetTimerPeriod
                0x00002020       0x28 ./source/main.o
 .text.PIT_StartTimer
                0x00002048       0x38 ./source/main.o
 .text.display_off
                0x00002080       0x7c ./source/main.o
                0x00002080                display_off
 .text.change_number
                0x000020fc       0x20 ./source/main.o
                0x000020fc                change_number
 .text.display_number
                0x0000211c      0x2d0 ./source/main.o
                0x0000211c                display_number
 *fill*         0x000023ec        0x4 
 .text.high_pass_filter
                0x000023f0       0x80 ./source/main.o
                0x000023f0                high_pass_filter
 .text.low_pass_filter
                0x00002470       0x80 ./source/main.o
                0x00002470                low_pass_filter
 .text.eliminate_noise
                0x000024f0       0x24 ./source/main.o
                0x000024f0                eliminate_noise
 .text.read_from_sensor
                0x00002514       0x34 ./source/main.o
                0x00002514                read_from_sensor
 .text.array_push
                0x00002548       0x4c ./source/main.o
                0x00002548                array_push
 .text.array_clear
                0x00002594       0x34 ./source/main.o
                0x00002594                array_clear
 .text.array_average
                0x000025c8       0x78 ./source/main.o
                0x000025c8                array_average
 .text.calculate_heart_rate
                0x00002640      0x1f8 ./source/main.o
                0x00002640                calculate_heart_rate
 .text.PORTE_IRQHandler
                0x00002838       0x30 ./source/main.o
                0x00002838                PORTE_IRQHandler
 .text.PIT0_IRQHandler
                0x00002868       0x18 ./source/main.o
                0x00002868                PIT0_IRQHandler
 .text.initialize_hardware
                0x00002880      0x138 ./source/main.o
                0x00002880                initialize_hardware
 .text.initiate_measurement
                0x000029b8       0x14 ./source/main.o
                0x000029b8                initiate_measurement
 .text.main     0x000029cc       0x1c ./source/main.o
                0x000029cc                main
 .text.CLOCK_EnableClock
                0x000029e8       0x34 ./drivers/fsl_adc16.o
 .text.ADC16_GetInstance
                0x00002a1c       0x58 ./drivers/fsl_adc16.o
 .text.ADC16_Init
                0x00002a74      0x118 ./drivers/fsl_adc16.o
                0x00002a74                ADC16_Init
 .text.ADC16_GetDefaultConfig
                0x00002b8c       0x64 ./drivers/fsl_adc16.o
                0x00002b8c                ADC16_GetDefaultConfig
 .text.ADC16_DoAutoCalibration
                0x00002bf0      0x10c ./drivers/fsl_adc16.o
                0x00002bf0                ADC16_DoAutoCalibration
 .text.ADC16_SetHardwareAverage
                0x00002cfc       0x3c ./drivers/fsl_adc16.o
                0x00002cfc                ADC16_SetHardwareAverage
 .text.ADC16_GetStatusFlags
                0x00002d38       0x44 ./drivers/fsl_adc16.o
                0x00002d38                ADC16_GetStatusFlags
 .text.ADC16_SetChannelConfig
                0x00002d7c       0x80 ./drivers/fsl_adc16.o
                0x00002d7c                ADC16_SetChannelConfig
 .text.ADC16_GetChannelStatusFlags
                0x00002dfc       0x50 ./drivers/fsl_adc16.o
                0x00002dfc                ADC16_GetChannelStatusFlags
 .text.CLOCK_GetMcgExtClkFreq
                0x00002e4c       0x80 ./drivers/fsl_clock.o
 .text.CLOCK_GetFllExtRefClkFreq
                0x00002ecc       0xc0 ./drivers/fsl_clock.o
 .text.CLOCK_GetInternalRefClkSelectFreq
                0x00002f8c       0x44 ./drivers/fsl_clock.o
 .text.CLOCK_GetFllRefClkFreq
                0x00002fd0       0x2c ./drivers/fsl_clock.o
 .text.CLOCK_GetPll0RefFreq
                0x00002ffc       0x10 ./drivers/fsl_clock.o
 .text.CLOCK_GetOsc0ErClkFreq
                0x0000300c       0x48 ./drivers/fsl_clock.o
                0x0000300c                CLOCK_GetOsc0ErClkFreq
 .text.CLOCK_GetEr32kClkFreq
                0x00003054       0x80 ./drivers/fsl_clock.o
                0x00003054                CLOCK_GetEr32kClkFreq
 .text.CLOCK_GetPllFllSelClkFreq
                0x000030d4       0x44 ./drivers/fsl_clock.o
                0x000030d4                CLOCK_GetPllFllSelClkFreq
 .text.CLOCK_GetFreq
                0x00003118      0x138 ./drivers/fsl_clock.o
                0x00003118                CLOCK_GetFreq
 .text.CLOCK_GetOutClkFreq
                0x00003250       0x64 ./drivers/fsl_clock.o
                0x00003250                CLOCK_GetOutClkFreq
 .text.CLOCK_GetFllFreq
                0x000032b4       0x74 ./drivers/fsl_clock.o
                0x000032b4                CLOCK_GetFllFreq
 .text.CLOCK_GetInternalRefClkFreq
                0x00003328       0x24 ./drivers/fsl_clock.o
                0x00003328                CLOCK_GetInternalRefClkFreq
 .text.CLOCK_GetFixedFreqClkFreq
                0x0000334c       0x30 ./drivers/fsl_clock.o
                0x0000334c                CLOCK_GetFixedFreqClkFreq
 .text.CLOCK_GetPll0Freq
                0x0000337c       0x78 ./drivers/fsl_clock.o
                0x0000337c                CLOCK_GetPll0Freq
 .text.CLOCK_SetInternalRefClkConfig
                0x000033f4      0x104 ./drivers/fsl_clock.o
                0x000033f4                CLOCK_SetInternalRefClkConfig
 .text.__assert_func
                0x000034f8       0x28 ./drivers/fsl_common.o
                0x000034f8                __assert_func
 .text.DSPI_IsMaster
                0x00003520       0x1c ./drivers/fsl_dspi.o
 .text.DSPI_CommonIRQHandler
                0x0000353c       0x3c ./drivers/fsl_dspi.o
 .text.SPI0_DriverIRQHandler
                0x00003578       0x3c ./drivers/fsl_dspi.o
                0x00003578                SPI0_DriverIRQHandler
 .text.SPI1_DriverIRQHandler
                0x000035b4       0x3c ./drivers/fsl_dspi.o
                0x000035b4                SPI1_DriverIRQHandler
 .text.SPI2_DriverIRQHandler
                0x000035f0       0x3c ./drivers/fsl_dspi.o
                0x000035f0                SPI2_DriverIRQHandler
 .text.EDMA_HandleIRQ
                0x0000362c      0x15c ./drivers/fsl_edma.o
                0x0000362c                EDMA_HandleIRQ
 .text.DMA0_DriverIRQHandler
                0x00003788       0x14 ./drivers/fsl_edma.o
                0x00003788                DMA0_DriverIRQHandler
 .text.DMA1_DriverIRQHandler
                0x0000379c       0x14 ./drivers/fsl_edma.o
                0x0000379c                DMA1_DriverIRQHandler
 .text.DMA2_DriverIRQHandler
                0x000037b0       0x14 ./drivers/fsl_edma.o
                0x000037b0                DMA2_DriverIRQHandler
 .text.DMA3_DriverIRQHandler
                0x000037c4       0x14 ./drivers/fsl_edma.o
                0x000037c4                DMA3_DriverIRQHandler
 .text.DMA4_DriverIRQHandler
                0x000037d8       0x14 ./drivers/fsl_edma.o
                0x000037d8                DMA4_DriverIRQHandler
 .text.DMA5_DriverIRQHandler
                0x000037ec       0x14 ./drivers/fsl_edma.o
                0x000037ec                DMA5_DriverIRQHandler
 .text.DMA6_DriverIRQHandler
                0x00003800       0x14 ./drivers/fsl_edma.o
                0x00003800                DMA6_DriverIRQHandler
 .text.DMA7_DriverIRQHandler
                0x00003814       0x14 ./drivers/fsl_edma.o
                0x00003814                DMA7_DriverIRQHandler
 .text.DMA8_DriverIRQHandler
                0x00003828       0x14 ./drivers/fsl_edma.o
                0x00003828                DMA8_DriverIRQHandler
 .text.DMA9_DriverIRQHandler
                0x0000383c       0x14 ./drivers/fsl_edma.o
                0x0000383c                DMA9_DriverIRQHandler
 .text.DMA10_DriverIRQHandler
                0x00003850       0x14 ./drivers/fsl_edma.o
                0x00003850                DMA10_DriverIRQHandler
 .text.DMA11_DriverIRQHandler
                0x00003864       0x14 ./drivers/fsl_edma.o
                0x00003864                DMA11_DriverIRQHandler
 .text.DMA12_DriverIRQHandler
                0x00003878       0x14 ./drivers/fsl_edma.o
                0x00003878                DMA12_DriverIRQHandler
 .text.DMA13_DriverIRQHandler
                0x0000388c       0x14 ./drivers/fsl_edma.o
                0x0000388c                DMA13_DriverIRQHandler
 .text.DMA14_DriverIRQHandler
                0x000038a0       0x14 ./drivers/fsl_edma.o
                0x000038a0                DMA14_DriverIRQHandler
 .text.DMA15_DriverIRQHandler
                0x000038b4       0x14 ./drivers/fsl_edma.o
                0x000038b4                DMA15_DriverIRQHandler
 .text.ENET_Transmit_IRQHandler
                0x000038c8       0x20 ./drivers/fsl_enet.o
                0x000038c8                ENET_Transmit_IRQHandler
 .text.ENET_Receive_IRQHandler
                0x000038e8       0x20 ./drivers/fsl_enet.o
                0x000038e8                ENET_Receive_IRQHandler
 .text.ENET_Error_IRQHandler
                0x00003908       0x20 ./drivers/fsl_enet.o
                0x00003908                ENET_Error_IRQHandler
 .text.ENET_1588_Timer_IRQHandler
                0x00003928       0x20 ./drivers/fsl_enet.o
                0x00003928                ENET_1588_Timer_IRQHandler
 .text.CAN0_DriverIRQHandler
                0x00003948       0x44 ./drivers/fsl_flexcan.o
                0x00003948                CAN0_DriverIRQHandler
 .text.CAN1_DriverIRQHandler
                0x0000398c       0x44 ./drivers/fsl_flexcan.o
                0x0000398c                CAN1_DriverIRQHandler
 .text.GPIO_WritePinOutput
                0x000039d0       0x34 ./drivers/fsl_gpio.o
 .text.GPIO_GetInstance
                0x00003a04       0x58 ./drivers/fsl_gpio.o
 .text.GPIO_PinInit
                0x00003a5c       0x70 ./drivers/fsl_gpio.o
                0x00003a5c                GPIO_PinInit
 .text.GPIO_ClearPinsInterruptFlags
                0x00003acc       0x30 ./drivers/fsl_gpio.o
                0x00003acc                GPIO_ClearPinsInterruptFlags
 .text.I2C_TransferCommonIRQHandler
                0x00003afc       0x50 ./drivers/fsl_i2c.o
 .text.I2C0_DriverIRQHandler
                0x00003b4c       0x1c ./drivers/fsl_i2c.o
                0x00003b4c                I2C0_DriverIRQHandler
 .text.I2C1_DriverIRQHandler
                0x00003b68       0x1c ./drivers/fsl_i2c.o
                0x00003b68                I2C1_DriverIRQHandler
 .text.CLOCK_EnableClock
                0x00003b84       0x34 ./drivers/fsl_lptmr.o
 .text.LPTMR_GetInstance
                0x00003bb8       0x50 ./drivers/fsl_lptmr.o
 .text.LPTMR_Init
                0x00003c08       0x98 ./drivers/fsl_lptmr.o
                0x00003c08                LPTMR_Init
 .text.LPTMR_GetDefaultConfig
                0x00003ca0       0x58 ./drivers/fsl_lptmr.o
                0x00003ca0                LPTMR_GetDefaultConfig
 .text.CLOCK_EnableClock
                0x00003cf8       0x34 ./drivers/fsl_pit.o
 .text.PIT_GetInstance
                0x00003d2c       0x50 ./drivers/fsl_pit.o
 .text.PIT_Init
                0x00003d7c       0x70 ./drivers/fsl_pit.o
                0x00003d7c                PIT_Init
 .text.I2S0_Tx_DriverIRQHandler
                0x00003dec       0x44 ./drivers/fsl_sai.o
                0x00003dec                I2S0_Tx_DriverIRQHandler
 .text.I2S0_Rx_DriverIRQHandler
                0x00003e30       0x44 ./drivers/fsl_sai.o
                0x00003e30                I2S0_Rx_DriverIRQHandler
 .text.SDHC_DriverIRQHandler
                0x00003e74       0x44 ./drivers/fsl_sdhc.o
                0x00003e74                SDHC_DriverIRQHandler
 .text.UART0_DriverIRQHandler
                0x00003eb8       0x20 ./drivers/fsl_uart.o
                0x00003eb8                UART0_DriverIRQHandler
 .text.UART0_RX_TX_DriverIRQHandler
                0x00003ed8        0xc ./drivers/fsl_uart.o
                0x00003ed8                UART0_RX_TX_DriverIRQHandler
 .text.UART1_DriverIRQHandler
                0x00003ee4       0x20 ./drivers/fsl_uart.o
                0x00003ee4                UART1_DriverIRQHandler
 .text.UART1_RX_TX_DriverIRQHandler
                0x00003f04        0xc ./drivers/fsl_uart.o
                0x00003f04                UART1_RX_TX_DriverIRQHandler
 .text.UART2_DriverIRQHandler
                0x00003f10       0x20 ./drivers/fsl_uart.o
                0x00003f10                UART2_DriverIRQHandler
 .text.UART2_RX_TX_DriverIRQHandler
                0x00003f30        0xc ./drivers/fsl_uart.o
                0x00003f30                UART2_RX_TX_DriverIRQHandler
 .text.UART3_DriverIRQHandler
                0x00003f3c       0x20 ./drivers/fsl_uart.o
                0x00003f3c                UART3_DriverIRQHandler
 .text.UART3_RX_TX_DriverIRQHandler
                0x00003f5c        0xc ./drivers/fsl_uart.o
                0x00003f5c                UART3_RX_TX_DriverIRQHandler
 .text.UART4_DriverIRQHandler
                0x00003f68       0x20 ./drivers/fsl_uart.o
                0x00003f68                UART4_DriverIRQHandler
 .text.UART4_RX_TX_DriverIRQHandler
                0x00003f88        0xc ./drivers/fsl_uart.o
                0x00003f88                UART4_RX_TX_DriverIRQHandler
 .text.UART5_DriverIRQHandler
                0x00003f94       0x20 ./drivers/fsl_uart.o
                0x00003f94                UART5_DriverIRQHandler
 .text.UART5_RX_TX_DriverIRQHandler
                0x00003fb4        0xc ./drivers/fsl_uart.o
                0x00003fb4                UART5_RX_TX_DriverIRQHandler
 .text.CLOCK_EnableClock
                0x00003fc0       0x34 ./board/pin_mux.o
 .text.PORT_SetPinMux
                0x00003ff4       0x38 ./board/pin_mux.o
 .text.PORT_SetPinInterruptConfig
                0x0000402c       0x38 ./board/pin_mux.o
 .text.BOARD_InitPins
                0x00004064      0x204 ./board/pin_mux.o
                0x00004064                BOARD_InitPins
 .text.SystemInit
                0x00004268       0x28 ./CMSIS/system_MK60D10.o
                0x00004268                SystemInit
 .text.__errno  0x00004290        0xc d:/freescale/kds_3.0.0/toolchain/bin/../lib/gcc/arm-none-eabi/4.8.4/../../../../arm-none-eabi/lib/armv7e-m\libg_s.a(lib_a-errno.o)
                0x00004290                __errno
 .text.exit     0x0000429c       0x28 d:/freescale/kds_3.0.0/toolchain/bin/../lib/gcc/arm-none-eabi/4.8.4/../../../../arm-none-eabi/lib/armv7e-m\libg_s.a(lib_a-exit.o)
                0x0000429c                exit
 .text.__libc_init_array
                0x000042c4       0x4c d:/freescale/kds_3.0.0/toolchain/bin/../lib/gcc/arm-none-eabi/4.8.4/../../../../arm-none-eabi/lib/armv7e-m\libg_s.a(lib_a-init.o)
                0x000042c4                __libc_init_array
 .text.memcpy   0x00004310       0x12 d:/freescale/kds_3.0.0/toolchain/bin/../lib/gcc/arm-none-eabi/4.8.4/../../../../arm-none-eabi/lib/armv7e-m\libg_s.a(lib_a-memcpy-stub.o)
                0x00004310                memcpy
 .text.memmove  0x00004322       0x36 d:/freescale/kds_3.0.0/toolchain/bin/../lib/gcc/arm-none-eabi/4.8.4/../../../../arm-none-eabi/lib/armv7e-m\libg_s.a(lib_a-memmove.o)
                0x00004322                memmove
 .text.memset   0x00004358       0x10 d:/freescale/kds_3.0.0/toolchain/bin/../lib/gcc/arm-none-eabi/4.8.4/../../../../arm-none-eabi/lib/armv7e-m\libg_s.a(lib_a-memset.o)
                0x00004358                memset
 .text.sprintf  0x00004368       0x48 d:/freescale/kds_3.0.0/toolchain/bin/../lib/gcc/arm-none-eabi/4.8.4/../../../../arm-none-eabi/lib/armv7e-m\libg_s.a(lib_a-sprintf.o)
                0x00004368                siprintf
                0x00004368                sprintf
 .text.strlen   0x000043b0       0x10 d:/freescale/kds_3.0.0/toolchain/bin/../lib/gcc/arm-none-eabi/4.8.4/../../../../arm-none-eabi/lib/armv7e-m\libg_s.a(lib_a-strlen.o)
                0x000043b0                strlen
 .text.__ssputs_r
                0x000043c0       0xb8 d:/freescale/kds_3.0.0/toolchain/bin/../lib/gcc/arm-none-eabi/4.8.4/../../../../arm-none-eabi/lib/armv7e-m\libg_s.a(lib_a-svfprintf.o)
                0x000043c0                __ssputs_r
 .text._svfprintf_r
                0x00004478      0x1dc d:/freescale/kds_3.0.0/toolchain/bin/../lib/gcc/arm-none-eabi/4.8.4/../../../../arm-none-eabi/lib/armv7e-m\libg_s.a(lib_a-svfprintf.o)
                0x00004478                _svfiprintf_r
                0x00004478                _svfprintf_r
 .text._printf_common
                0x00004654       0xe4 d:/freescale/kds_3.0.0/toolchain/bin/../lib/gcc/arm-none-eabi/4.8.4/../../../../arm-none-eabi/lib/armv7e-m\libg_s.a(lib_a-vfprintf_i.o)
                0x00004654                _printf_common
 .text._printf_i
                0x00004738      0x228 d:/freescale/kds_3.0.0/toolchain/bin/../lib/gcc/arm-none-eabi/4.8.4/../../../../arm-none-eabi/lib/armv7e-m\libg_s.a(lib_a-vfprintf_i.o)
                0x00004738                _printf_i
 .text.memchr   0x00004960       0x1e d:/freescale/kds_3.0.0/toolchain/bin/../lib/gcc/arm-none-eabi/4.8.4/../../../../arm-none-eabi/lib/armv7e-m\libg_s.a(lib_a-memchr-stub.o)
                0x00004960                memchr
 *fill*         0x0000497e        0x2 
 .text._free_r  0x00004980       0x88 d:/freescale/kds_3.0.0/toolchain/bin/../lib/gcc/arm-none-eabi/4.8.4/../../../../arm-none-eabi/lib/armv7e-m\libg_s.a(lib_a-nano-freer.o)
                0x00004980                _free_r
 .text._malloc_r
                0x00004a08       0xa8 d:/freescale/kds_3.0.0/toolchain/bin/../lib/gcc/arm-none-eabi/4.8.4/../../../../arm-none-eabi/lib/armv7e-m\libg_s.a(lib_a-nano-mallocr.o)
                0x00004a08                _malloc_r
 .text._realloc_r
                0x00004ab0       0x4c d:/freescale/kds_3.0.0/toolchain/bin/../lib/gcc/arm-none-eabi/4.8.4/../../../../arm-none-eabi/lib/armv7e-m\libg_s.a(lib_a-nano-reallocr.o)
                0x00004ab0                _realloc_r
 .text._sbrk_r  0x00004afc       0x20 d:/freescale/kds_3.0.0/toolchain/bin/../lib/gcc/arm-none-eabi/4.8.4/../../../../arm-none-eabi/lib/armv7e-m\libg_s.a(lib_a-sbrkr.o)
                0x00004afc                _sbrk_r
 .text._malloc_usable_size_r
                0x00004b1c       0x12 d:/freescale/kds_3.0.0/toolchain/bin/../lib/gcc/arm-none-eabi/4.8.4/../../../../arm-none-eabi/lib/armv7e-m\libg_s.a(lib_a-nano-msizer.o)
                0x00004b1c                _malloc_usable_size_r
 *fill*         0x00004b2e        0x2 
 .text._exit    0x00004b30        0x4 d:/freescale/kds_3.0.0/toolchain/bin/../lib/gcc/arm-none-eabi/4.8.4/../../../../arm-none-eabi/lib/armv7e-m\libnosys.a(_exit.o)
                0x00004b30                _exit
 *(.rodata)
 .rodata        0x00004b34       0x7c ./source/main.o
 .rodata        0x00004bb0       0x6c ./drivers/fsl_adc16.o
 .rodata        0x00004c1c       0x48 ./drivers/fsl_clock.o
 .rodata        0x00004c64       0x40 ./drivers/fsl_common.o
 .rodata        0x00004ca4       0xac ./drivers/fsl_dspi.o
 .rodata        0x00004d50      0x244 ./drivers/fsl_edma.o
 .rodata        0x00004f94      0x310 ./drivers/fsl_flexcan.o
 .rodata        0x000052a4       0x44 ./drivers/fsl_gpio.o
 .rodata        0x000052e8       0x44 ./drivers/fsl_lptmr.o
 .rodata        0x0000532c       0x44 ./drivers/fsl_pit.o
 .rodata        0x00005370       0x6c ./drivers/fsl_sai.o
 .rodata        0x000053dc      0x328 ./drivers/fsl_sdhc.o
 *(.rodata*)
 .rodata.__func__.8045
                0x00005704       0x20 ./source/main.o
 .rodata.__func__.8171
                0x00005724       0x18 ./source/main.o
 .rodata.__func__.8206
                0x0000573c       0x18 ./source/main.o
 .rodata.s_adc16Bases
                0x00005754        0x8 ./drivers/fsl_adc16.o
 .rodata.s_adc16Clocks
                0x0000575c        0x8 ./drivers/fsl_adc16.o
 .rodata.__func__.6932
                0x00005764       0x14 ./drivers/fsl_adc16.o
 .rodata.__func__.6937
                0x00005778        0xc ./drivers/fsl_adc16.o
 .rodata.__func__.6945
                0x00005784       0x18 ./drivers/fsl_adc16.o
 .rodata.__func__.6993
                0x0000579c       0x18 ./drivers/fsl_adc16.o
 .rodata.__func__.6999
                0x000057b4       0x1c ./drivers/fsl_adc16.o
 .rodata.__func__.6813
                0x000057d0       0x18 ./drivers/fsl_clock.o
 .rodata.__func__.6850
                0x000057e8       0x18 ./drivers/fsl_clock.o
 .rodata.__func__.6858
                0x00005800       0x18 ./drivers/fsl_clock.o
 .rodata.fllFactorTable.6931
                0x00005818       0x10 ./drivers/fsl_clock.o
 .rodata.__func__.6946
                0x00005828       0x14 ./drivers/fsl_clock.o
 .rodata.__func__.7474
                0x0000583c       0x18 ./drivers/fsl_dspi.o
 .rodata.__func__.7478
                0x00005854       0x18 ./drivers/fsl_dspi.o
 .rodata.__func__.7482
                0x0000586c       0x18 ./drivers/fsl_dspi.o
 .rodata.__func__.7286
                0x00005884       0x10 ./drivers/fsl_edma.o
 .rodata.__func__.7359
                0x00005894       0x18 ./drivers/fsl_flexcan.o
 .rodata.__func__.7363
                0x000058ac       0x18 ./drivers/fsl_flexcan.o
 .rodata.s_portBases
                0x000058c4       0x14 ./drivers/fsl_gpio.o
 .rodata.s_gpioBases
                0x000058d8       0x14 ./drivers/fsl_gpio.o
 .rodata.__func__.6826
                0x000058ec       0x14 ./drivers/fsl_gpio.o
 .rodata.__func__.6832
                0x00005900       0x10 ./drivers/fsl_gpio.o
 .rodata.__func__.6884
                0x00005910       0x14 ./drivers/fsl_lptmr.o
 .rodata.__func__.6889
                0x00005924        0xc ./drivers/fsl_lptmr.o
 .rodata.__func__.6898
                0x00005930       0x18 ./drivers/fsl_lptmr.o
 .rodata.__func__.6857
                0x00005948       0x10 ./drivers/fsl_pit.o
 .rodata.__func__.6862
                0x00005958        0xc ./drivers/fsl_pit.o
 .rodata.__func__.7338
                0x00005964       0x1c ./drivers/fsl_sai.o
 .rodata.__func__.7342
                0x00005980       0x1c ./drivers/fsl_sai.o
 .rodata.__func__.7523
                0x0000599c       0x18 ./drivers/fsl_sdhc.o
 .rodata.str1.1
                0x000059b4        0x2 d:/freescale/kds_3.0.0/toolchain/bin/../lib/gcc/arm-none-eabi/4.8.4/../../../../arm-none-eabi/lib/armv7e-m\libg_s.a(lib_a-impure.o)
 *fill*         0x000059b6        0x2 
 .rodata._global_impure_ptr
                0x000059b8        0x4 d:/freescale/kds_3.0.0/toolchain/bin/../lib/gcc/arm-none-eabi/4.8.4/../../../../arm-none-eabi/lib/armv7e-m\libg_s.a(lib_a-impure.o)
                0x000059b8                _global_impure_ptr
 .rodata.str1.1
                0x000059bc       0x11 d:/freescale/kds_3.0.0/toolchain/bin/../lib/gcc/arm-none-eabi/4.8.4/../../../../arm-none-eabi/lib/armv7e-m\libg_s.a(lib_a-svfprintf.o)
 .rodata.str1.1
                0x000059cd       0x22 d:/freescale/kds_3.0.0/toolchain/bin/../lib/gcc/arm-none-eabi/4.8.4/../../../../arm-none-eabi/lib/armv7e-m\libg_s.a(lib_a-vfprintf_i.o)
 *(.glue_7)
 .glue_7        0x00000000        0x0 linker stubs
 *(.glue_7t)
 .glue_7t       0x00000000        0x0 linker stubs
 *(.eh_frame)
 *fill*         0x000059ef        0x1 
 .eh_frame      0x000059f0        0x0 d:/freescale/kds_3.0.0/toolchain/bin/../lib/gcc/arm-none-eabi/4.8.4/armv7e-m/crtbegin.o
 *(.init)
 .init          0x000059f0        0x4 d:/freescale/kds_3.0.0/toolchain/bin/../lib/gcc/arm-none-eabi/4.8.4/armv7e-m/crti.o
                0x000059f0                _init
 .init          0x000059f4        0x8 d:/freescale/kds_3.0.0/toolchain/bin/../lib/gcc/arm-none-eabi/4.8.4/armv7e-m/crtn.o
 *(.fini)
 .fini          0x000059fc        0x4 d:/freescale/kds_3.0.0/toolchain/bin/../lib/gcc/arm-none-eabi/4.8.4/armv7e-m/crti.o
                0x000059fc                _fini
 .fini          0x00005a00        0x8 d:/freescale/kds_3.0.0/toolchain/bin/../lib/gcc/arm-none-eabi/4.8.4/armv7e-m/crtn.o
                0x00005a08                . = ALIGN (0x4)

.vfp11_veneer   0x00005a08        0x0
 .vfp11_veneer  0x00000000        0x0 linker stubs

.v4_bx          0x00005a08        0x0
 .v4_bx         0x00000000        0x0 linker stubs

.iplt           0x00005a08        0x0
 .iplt          0x00000000        0x0 d:/freescale/kds_3.0.0/toolchain/bin/../lib/gcc/arm-none-eabi/4.8.4/armv7e-m/crtbegin.o

.ARM.extab
 *(.ARM.extab* .gnu.linkonce.armextab.*)

.ARM            0x00005a08        0x8
                0x00005a08                __exidx_start = .
 *(.ARM.exidx*)
 .ARM.exidx     0x00005a08        0x8 d:/freescale/kds_3.0.0/toolchain/bin/../lib/gcc/arm-none-eabi/4.8.4/../../../../arm-none-eabi/lib/armv7e-m/crt0.o
 .ARM.exidx     0x00005a10        0x0 d:/freescale/kds_3.0.0/toolchain/bin/../lib/gcc/arm-none-eabi/4.8.4/armv7e-m\libgcc.a(_divdi3.o)
                                  0x8 (size before relaxing)
 .ARM.exidx     0x00005a10        0x0 d:/freescale/kds_3.0.0/toolchain/bin/../lib/gcc/arm-none-eabi/4.8.4/armv7e-m\libgcc.a(_udivdi3.o)
                                  0x8 (size before relaxing)
                0x00005a10                __exidx_end = .

.rel.dyn        0x00005a10        0x0
 .rel.iplt      0x00000000        0x0 d:/freescale/kds_3.0.0/toolchain/bin/../lib/gcc/arm-none-eabi/4.8.4/armv7e-m/crtbegin.o

.ctors          0x00005a10        0x0
                0x00005a10                __CTOR_LIST__ = .
 *crtbegin.o(.ctors)
 *crtbegin?.o(.ctors)
 *(EXCLUDE_FILE(*crtend.o *crtend?.o) .ctors)
 *(SORT(.ctors.*))
 *(.ctors)
                0x00005a10                __CTOR_END__ = .

.dtors          0x00005a10        0x0
                0x00005a10                __DTOR_LIST__ = .
 *crtbegin.o(.dtors)
 *crtbegin?.o(.dtors)
 *(EXCLUDE_FILE(*crtend.o *crtend?.o) .dtors)
 *(SORT(.dtors.*))
 *(.dtors)
                0x00005a10                __DTOR_END__ = .

.preinit_array  0x00005a10        0x0
                0x00005a10                PROVIDE (__preinit_array_start, .)
 *(.preinit_array*)
                0x00005a10                PROVIDE (__preinit_array_end, .)

.init_array     0x00005a10        0x4
                0x00005a10                PROVIDE (__init_array_start, .)
 *(SORT(.init_array.*))
 *(.init_array*)
 .init_array    0x00005a10        0x4 d:/freescale/kds_3.0.0/toolchain/bin/../lib/gcc/arm-none-eabi/4.8.4/armv7e-m/crtbegin.o
                0x00005a14                PROVIDE (__init_array_end, .)

.fini_array     0x00005a14        0x4
                0x00005a14                PROVIDE (__fini_array_start, .)
 *(SORT(.fini_array.*))
 *(.fini_array*)
 .fini_array    0x00005a14        0x4 d:/freescale/kds_3.0.0/toolchain/bin/../lib/gcc/arm-none-eabi/4.8.4/armv7e-m/crtbegin.o
                0x00005a18                PROVIDE (__fini_array_end, .)
                0x00005a18                __etext = .
                0x00005a18                __DATA_ROM = .

.interrupts_ram
                0x1fff0000        0x0
                0x1fff0000                . = ALIGN (0x4)
                0x1fff0000                __VECTOR_RAM__ = .
                0x1fff0000                __interrupts_ram_start__ = .
 *(.m_interrupts_ram)
                0x1fff0000                . = (. + M_VECTOR_RAM_SIZE)
                0x1fff0000                . = ALIGN (0x4)
                0x1fff0000                __interrupts_ram_end__ = .
                0x00000000                __VECTOR_RAM = DEFINED (__ram_vector_table__)?__VECTOR_RAM__:ORIGIN (m_interrupts)
                0x00000000                __RAM_VECTOR_TABLE_SIZE_BYTES = DEFINED (__ram_vector_table__)?(__interrupts_ram_end__ - __interrupts_ram_start__):0x0

.data           0x1fff0000       0x78 load address 0x00005a18
                0x1fff0000                . = ALIGN (0x4)
                0x1fff0000                __DATA_RAM = .
                0x1fff0000                __data_start__ = .
 *(.data)
 *(.data*)
 .data.REFRESH_RATE
                0x1fff0000        0x4 ./source/main.o
 .data.index.8268
                0x1fff0004        0x4 ./source/main.o
 .data.s_slowIrcFreq
                0x1fff0008        0x4 ./drivers/fsl_clock.o
 .data.s_fastIrcFreq
                0x1fff000c        0x4 ./drivers/fsl_clock.o
 .data.impure_data
                0x1fff0010       0x60 d:/freescale/kds_3.0.0/toolchain/bin/../lib/gcc/arm-none-eabi/4.8.4/../../../../arm-none-eabi/lib/armv7e-m\libg_s.a(lib_a-impure.o)
 .data._impure_ptr
                0x1fff0070        0x4 d:/freescale/kds_3.0.0/toolchain/bin/../lib/gcc/arm-none-eabi/4.8.4/../../../../arm-none-eabi/lib/armv7e-m\libg_s.a(lib_a-impure.o)
                0x1fff0070                _impure_ptr
 *(.jcr*)
 .jcr           0x1fff0074        0x0 d:/freescale/kds_3.0.0/toolchain/bin/../lib/gcc/arm-none-eabi/4.8.4/armv7e-m/crtbegin.o
 .jcr           0x1fff0074        0x4 d:/freescale/kds_3.0.0/toolchain/bin/../lib/gcc/arm-none-eabi/4.8.4/armv7e-m/crtend.o
                0x1fff0078                . = ALIGN (0x4)
                0x1fff0078                __data_end__ = .
                0x00005a90                __DATA_END = (__DATA_ROM + (__data_end__ - __data_start__))
                0x00080000                text_end = (ORIGIN (m_text) + 0x7fbf0)
                0x00000001                ASSERT ((__DATA_END <= text_end), region m_text overflowed with text and data)

.igot.plt       0x1fff0078        0x0 load address 0x00005a90
 .igot.plt      0x00000000        0x0 d:/freescale/kds_3.0.0/toolchain/bin/../lib/gcc/arm-none-eabi/4.8.4/armv7e-m/crtbegin.o

.bss            0x1fff0078      0x170 load address 0x00005a90
                0x1fff0078                . = ALIGN (0x4)
                0x1fff0078                __START_BSS = .
                0x1fff0078                __bss_start__ = .
 *(.bss)
 .bss           0x1fff0078       0x1c d:/freescale/kds_3.0.0/toolchain/bin/../lib/gcc/arm-none-eabi/4.8.4/armv7e-m/crtbegin.o
 *(.bss*)
 .bss.s_debugConsole
                0x1fff0094       0x10 ./utilities/fsl_debug_console.o
 .bss.heap_end.4969
                0x1fff00a4        0x4 ./utilities/fsl_sbrk.o
 .bss.num_to_display
                0x1fff00a8        0x8 ./source/main.o
 .bss.m_time    0x1fff00b0        0x8 ./source/main.o
 .bss.signals   0x1fff00b8       0x50 ./source/main.o
 .bss.result_prev.8292
                0x1fff0108        0x4 ./source/main.o
 .bss.signal_prev.8291
                0x1fff010c        0x4 ./source/main.o
 .bss.result_prev.8297
                0x1fff0110        0x4 ./source/main.o
 .bss.signal_rising.8330
                0x1fff0114        0x1 ./source/main.o
 *fill*         0x1fff0115        0x3 
 .bss.highest.8332
                0x1fff0118        0x4 ./source/main.o
 .bss.g_dspiHandle
                0x1fff011c        0xc ./drivers/fsl_dspi.o
 .bss.s_dspiMasterIsr
                0x1fff0128        0x4 ./drivers/fsl_dspi.o
 .bss.s_dspiSlaveIsr
                0x1fff012c        0x4 ./drivers/fsl_dspi.o
 .bss.s_EDMAHandle
                0x1fff0130       0x40 ./drivers/fsl_edma.o
 .bss.s_ENETHandle
                0x1fff0170        0x4 ./drivers/fsl_enet.o
 .bss.s_enetTxIsr
                0x1fff0174        0x4 ./drivers/fsl_enet.o
 .bss.s_enetRxIsr
                0x1fff0178        0x4 ./drivers/fsl_enet.o
 .bss.s_enetErrIsr
                0x1fff017c        0x4 ./drivers/fsl_enet.o
 .bss.s_enetTsIsr
                0x1fff0180        0x4 ./drivers/fsl_enet.o
 .bss.s_flexcanHandle
                0x1fff0184        0x8 ./drivers/fsl_flexcan.o
 .bss.s_flexcanIsr
                0x1fff018c        0x4 ./drivers/fsl_flexcan.o
 .bss.s_i2cHandle
                0x1fff0190        0x8 ./drivers/fsl_i2c.o
 .bss.s_i2cMasterIsr
                0x1fff0198        0x4 ./drivers/fsl_i2c.o
 .bss.s_i2cSlaveIsr
                0x1fff019c        0x4 ./drivers/fsl_i2c.o
 .bss.s_saiTxIsr
                0x1fff01a0        0x4 ./drivers/fsl_sai.o
 .bss.s_saiRxIsr
                0x1fff01a4        0x4 ./drivers/fsl_sai.o
 .bss.s_sdhcHandle
                0x1fff01a8        0x4 ./drivers/fsl_sdhc.o
 .bss.s_sdhcIsr
                0x1fff01ac        0x4 ./drivers/fsl_sdhc.o
 .bss.s_uartHandle
                0x1fff01b0       0x18 ./drivers/fsl_uart.o
 .bss.s_uartIsr
                0x1fff01c8        0x4 ./drivers/fsl_uart.o
 .bss.__malloc_sbrk_start
                0x1fff01cc        0x4 d:/freescale/kds_3.0.0/toolchain/bin/../lib/gcc/arm-none-eabi/4.8.4/../../../../arm-none-eabi/lib/armv7e-m\libg_s.a(lib_a-nano-mallocr.o)
                0x1fff01cc                __malloc_sbrk_start
 .bss.__malloc_free_list
                0x1fff01d0        0x4 d:/freescale/kds_3.0.0/toolchain/bin/../lib/gcc/arm-none-eabi/4.8.4/../../../../arm-none-eabi/lib/armv7e-m\libg_s.a(lib_a-nano-mallocr.o)
                0x1fff01d0                __malloc_free_list
 *(COMMON)
 COMMON         0x1fff01d4        0x8 ./drivers/fsl_clock.o
                0x1fff01d4                g_xtal32Freq
                0x1fff01d8                g_xtal0Freq
 COMMON         0x1fff01dc        0x8 ./drivers/fsl_sai.o
                0x1fff01dc                s_saiHandle
 COMMON         0x1fff01e4        0x4 d:/freescale/kds_3.0.0/toolchain/bin/../lib/gcc/arm-none-eabi/4.8.4/../../../../arm-none-eabi/lib/armv7e-m\libg_s.a(lib_a-reent.o)
                0x1fff01e4                errno
                0x1fff01e8                . = ALIGN (0x4)
                0x1fff01e8                __bss_end__ = .
                0x1fff01e8                __END_BSS = .

.heap           0x20000000      0x400
                0x20000000                . = ALIGN (0x8)
                0x20000000                __end__ = .
                0x20000000                PROVIDE (end, .)
                0x20000000                __HeapBase = .
                0x20000400                . = (. + HEAP_SIZE)
 *fill*         0x20000000      0x400 
                0x20000400                __HeapLimit = .
                0x20000400                __heap_limit = .

.stack          0x20000400      0x400
                0x20000400                . = ALIGN (0x8)
                0x20000800                . = (. + STACK_SIZE)
 *fill*         0x20000400      0x400 
                0x20010000                __StackTop = (ORIGIN (m_data_2) + 0x10000)
                0x2000fc00                __StackLimit = (__StackTop - STACK_SIZE)
                0x20010000                PROVIDE (__stack, __StackTop)

.ARM.attributes
                0x00000000       0x2a
 *(.ARM.attributes)
 .ARM.attributes
                0x00000000       0x1e d:/freescale/kds_3.0.0/toolchain/bin/../lib/gcc/arm-none-eabi/4.8.4/armv7e-m/crti.o
 .ARM.attributes
                0x0000001e       0x2e d:/freescale/kds_3.0.0/toolchain/bin/../lib/gcc/arm-none-eabi/4.8.4/armv7e-m/crtbegin.o
 .ARM.attributes
                0x0000004c       0x1c d:/freescale/kds_3.0.0/toolchain/bin/../lib/gcc/arm-none-eabi/4.8.4/../../../../arm-none-eabi/lib/armv7e-m/crt0.o
 .ARM.attributes
                0x00000068       0x33 ./utilities/fsl_debug_console.o
 .ARM.attributes
                0x0000009b       0x33 ./utilities/fsl_sbrk.o
 .ARM.attributes
                0x000000ce       0x1b ./startup/startup_MK60D10.o
 .ARM.attributes
                0x000000e9       0x33 ./source/main.o
 .ARM.attributes
                0x0000011c       0x33 ./drivers/fsl_adc16.o
 .ARM.attributes
                0x0000014f       0x33 ./drivers/fsl_clock.o
 .ARM.attributes
                0x00000182       0x33 ./drivers/fsl_common.o
 .ARM.attributes
                0x000001b5       0x33 ./drivers/fsl_dspi.o
 .ARM.attributes
                0x000001e8       0x33 ./drivers/fsl_edma.o
 .ARM.attributes
                0x0000021b       0x33 ./drivers/fsl_enet.o
 .ARM.attributes
                0x0000024e       0x33 ./drivers/fsl_flexcan.o
 .ARM.attributes
                0x00000281       0x33 ./drivers/fsl_gpio.o
 .ARM.attributes
                0x000002b4       0x33 ./drivers/fsl_i2c.o
 .ARM.attributes
                0x000002e7       0x33 ./drivers/fsl_lptmr.o
 .ARM.attributes
                0x0000031a       0x33 ./drivers/fsl_pit.o
 .ARM.attributes
                0x0000034d       0x33 ./drivers/fsl_sai.o
 .ARM.attributes
                0x00000380       0x33 ./drivers/fsl_sdhc.o
 .ARM.attributes
                0x000003b3       0x33 ./drivers/fsl_uart.o
 .ARM.attributes
                0x000003e6       0x33 ./board/pin_mux.o
 .ARM.attributes
                0x00000419       0x33 ./CMSIS/system_MK60D10.o
 .ARM.attributes
                0x0000044c       0x1e d:/freescale/kds_3.0.0/toolchain/bin/../lib/gcc/arm-none-eabi/4.8.4/armv7e-m\libgcc.a(_arm_addsubdf3.o)
 .ARM.attributes
                0x0000046a       0x1e d:/freescale/kds_3.0.0/toolchain/bin/../lib/gcc/arm-none-eabi/4.8.4/armv7e-m\libgcc.a(_arm_muldivdf3.o)
 .ARM.attributes
                0x00000488       0x1e d:/freescale/kds_3.0.0/toolchain/bin/../lib/gcc/arm-none-eabi/4.8.4/armv7e-m\libgcc.a(_arm_truncdfsf2.o)
 .ARM.attributes
                0x000004a6       0x1e d:/freescale/kds_3.0.0/toolchain/bin/../lib/gcc/arm-none-eabi/4.8.4/armv7e-m\libgcc.a(_arm_addsubsf3.o)
 .ARM.attributes
                0x000004c4       0x1e d:/freescale/kds_3.0.0/toolchain/bin/../lib/gcc/arm-none-eabi/4.8.4/armv7e-m\libgcc.a(_arm_cmpsf2.o)
 .ARM.attributes
                0x000004e2       0x1e d:/freescale/kds_3.0.0/toolchain/bin/../lib/gcc/arm-none-eabi/4.8.4/armv7e-m\libgcc.a(_arm_fixsfsi.o)
 .ARM.attributes
                0x00000500       0x1e d:/freescale/kds_3.0.0/toolchain/bin/../lib/gcc/arm-none-eabi/4.8.4/armv7e-m\libgcc.a(_aeabi_uldivmod.o)
 .ARM.attributes
                0x0000051e       0x2e d:/freescale/kds_3.0.0/toolchain/bin/../lib/gcc/arm-none-eabi/4.8.4/armv7e-m\libgcc.a(bpabi.o)
 .ARM.attributes
                0x0000054c       0x1e d:/freescale/kds_3.0.0/toolchain/bin/../lib/gcc/arm-none-eabi/4.8.4/armv7e-m\libgcc.a(_dvmd_tls.o)
 .ARM.attributes
                0x0000056a       0x2e d:/freescale/kds_3.0.0/toolchain/bin/../lib/gcc/arm-none-eabi/4.8.4/armv7e-m\libgcc.a(_divdi3.o)
 .ARM.attributes
                0x00000598       0x2e d:/freescale/kds_3.0.0/toolchain/bin/../lib/gcc/arm-none-eabi/4.8.4/armv7e-m\libgcc.a(_udivdi3.o)
 .ARM.attributes
                0x000005c6       0x2e d:/freescale/kds_3.0.0/toolchain/bin/../lib/gcc/arm-none-eabi/4.8.4/../../../../arm-none-eabi/lib/armv7e-m\libg_s.a(lib_a-errno.o)
 .ARM.attributes
                0x000005f4       0x2e d:/freescale/kds_3.0.0/toolchain/bin/../lib/gcc/arm-none-eabi/4.8.4/../../../../arm-none-eabi/lib/armv7e-m\libg_s.a(lib_a-exit.o)
 .ARM.attributes
                0x00000622       0x2e d:/freescale/kds_3.0.0/toolchain/bin/../lib/gcc/arm-none-eabi/4.8.4/../../../../arm-none-eabi/lib/armv7e-m\libg_s.a(lib_a-impure.o)
 .ARM.attributes
                0x00000650       0x2e d:/freescale/kds_3.0.0/toolchain/bin/../lib/gcc/arm-none-eabi/4.8.4/../../../../arm-none-eabi/lib/armv7e-m\libg_s.a(lib_a-init.o)
 .ARM.attributes
                0x0000067e       0x2e d:/freescale/kds_3.0.0/toolchain/bin/../lib/gcc/arm-none-eabi/4.8.4/../../../../arm-none-eabi/lib/armv7e-m\libg_s.a(lib_a-memcpy-stub.o)
 .ARM.attributes
                0x000006ac       0x2e d:/freescale/kds_3.0.0/toolchain/bin/../lib/gcc/arm-none-eabi/4.8.4/../../../../arm-none-eabi/lib/armv7e-m\libg_s.a(lib_a-memmove.o)
 .ARM.attributes
                0x000006da       0x2e d:/freescale/kds_3.0.0/toolchain/bin/../lib/gcc/arm-none-eabi/4.8.4/../../../../arm-none-eabi/lib/armv7e-m\libg_s.a(lib_a-memset.o)
 .ARM.attributes
                0x00000708       0x2e d:/freescale/kds_3.0.0/toolchain/bin/../lib/gcc/arm-none-eabi/4.8.4/../../../../arm-none-eabi/lib/armv7e-m\libg_s.a(lib_a-sprintf.o)
 .ARM.attributes
                0x00000736       0x2e d:/freescale/kds_3.0.0/toolchain/bin/../lib/gcc/arm-none-eabi/4.8.4/../../../../arm-none-eabi/lib/armv7e-m\libg_s.a(lib_a-strlen.o)
 .ARM.attributes
                0x00000764       0x2e d:/freescale/kds_3.0.0/toolchain/bin/../lib/gcc/arm-none-eabi/4.8.4/../../../../arm-none-eabi/lib/armv7e-m\libg_s.a(lib_a-svfprintf.o)
 .ARM.attributes
                0x00000792       0x2e d:/freescale/kds_3.0.0/toolchain/bin/../lib/gcc/arm-none-eabi/4.8.4/../../../../arm-none-eabi/lib/armv7e-m\libg_s.a(lib_a-vfprintf_i.o)
 .ARM.attributes
                0x000007c0       0x2e d:/freescale/kds_3.0.0/toolchain/bin/../lib/gcc/arm-none-eabi/4.8.4/../../../../arm-none-eabi/lib/armv7e-m\libg_s.a(lib_a-memchr-stub.o)
 .ARM.attributes
                0x000007ee       0x2e d:/freescale/kds_3.0.0/toolchain/bin/../lib/gcc/arm-none-eabi/4.8.4/../../../../arm-none-eabi/lib/armv7e-m\libg_s.a(lib_a-nano-freer.o)
 .ARM.attributes
                0x0000081c       0x2e d:/freescale/kds_3.0.0/toolchain/bin/../lib/gcc/arm-none-eabi/4.8.4/../../../../arm-none-eabi/lib/armv7e-m\libg_s.a(lib_a-nano-mallocr.o)
 .ARM.attributes
                0x0000084a       0x2e d:/freescale/kds_3.0.0/toolchain/bin/../lib/gcc/arm-none-eabi/4.8.4/../../../../arm-none-eabi/lib/armv7e-m\libg_s.a(lib_a-nano-reallocr.o)
 .ARM.attributes
                0x00000878       0x2e d:/freescale/kds_3.0.0/toolchain/bin/../lib/gcc/arm-none-eabi/4.8.4/../../../../arm-none-eabi/lib/armv7e-m\libg_s.a(lib_a-sbrkr.o)
 .ARM.attributes
                0x000008a6       0x2e d:/freescale/kds_3.0.0/toolchain/bin/../lib/gcc/arm-none-eabi/4.8.4/../../../../arm-none-eabi/lib/armv7e-m\libg_s.a(lib_a-nano-msizer.o)
 .ARM.attributes
                0x000008d4       0x2e d:/freescale/kds_3.0.0/toolchain/bin/../lib/gcc/arm-none-eabi/4.8.4/../../../../arm-none-eabi/lib/armv7e-m\libg_s.a(lib_a-reent.o)
 .ARM.attributes
                0x00000902       0x2e d:/freescale/kds_3.0.0/toolchain/bin/../lib/gcc/arm-none-eabi/4.8.4/../../../../arm-none-eabi/lib/armv7e-m\libnosys.a(_exit.o)
 .ARM.attributes
                0x00000930       0x2e d:/freescale/kds_3.0.0/toolchain/bin/../lib/gcc/arm-none-eabi/4.8.4/armv7e-m/crtend.o
 .ARM.attributes
                0x0000095e       0x1e d:/freescale/kds_3.0.0/toolchain/bin/../lib/gcc/arm-none-eabi/4.8.4/armv7e-m/crtn.o
                0x00000001                ASSERT ((__StackLimit >= __HeapLimit), region m_data_2 overflowed with stack and heap)
OUTPUT(xjurig00.elf elf32-littlearm)

.debug_info     0x00000000    0x17b84
 .debug_info    0x00000000      0xe51 ./utilities/fsl_debug_console.o
 .debug_info    0x00000e51      0x112 ./utilities/fsl_sbrk.o
 .debug_info    0x00000f63       0x7a ./startup/startup_MK60D10.o
 .debug_info    0x00000fdd     0x177c ./source/main.o
 .debug_info    0x00002759      0xe13 ./drivers/fsl_adc16.o
 .debug_info    0x0000356c     0x1b5b ./drivers/fsl_clock.o
 .debug_info    0x000050c7      0x757 ./drivers/fsl_common.o
 .debug_info    0x0000581e     0x23b5 ./drivers/fsl_dspi.o
 .debug_info    0x00007bd3     0x216d ./drivers/fsl_edma.o
 .debug_info    0x00009d40     0x23d6 ./drivers/fsl_enet.o
 .debug_info    0x0000c116     0x20b3 ./drivers/fsl_flexcan.o
 .debug_info    0x0000e1c9      0x5c0 ./drivers/fsl_gpio.o
 .debug_info    0x0000e789     0x1e2a ./drivers/fsl_i2c.o
 .debug_info    0x000105b3      0x826 ./drivers/fsl_lptmr.o
 .debug_info    0x00010dd9      0x6c2 ./drivers/fsl_pit.o
 .debug_info    0x0001149b     0x1d06 ./drivers/fsl_sai.o
 .debug_info    0x000131a1     0x22ae ./drivers/fsl_sdhc.o
 .debug_info    0x0001544f     0x1bc2 ./drivers/fsl_uart.o
 .debug_info    0x00017011      0x6d9 ./board/pin_mux.o
 .debug_info    0x000176ea      0x49a ./CMSIS/system_MK60D10.o

.debug_abbrev   0x00000000     0x2c7f
 .debug_abbrev  0x00000000      0x28c ./utilities/fsl_debug_console.o
 .debug_abbrev  0x0000028c       0xa3 ./utilities/fsl_sbrk.o
 .debug_abbrev  0x0000032f       0x14 ./startup/startup_MK60D10.o
 .debug_abbrev  0x00000343      0x359 ./source/main.o
 .debug_abbrev  0x0000069c      0x248 ./drivers/fsl_adc16.o
 .debug_abbrev  0x000008e4      0x301 ./drivers/fsl_clock.o
 .debug_abbrev  0x00000be5      0x233 ./drivers/fsl_common.o
 .debug_abbrev  0x00000e18      0x2d7 ./drivers/fsl_dspi.o
 .debug_abbrev  0x000010ef      0x38c ./drivers/fsl_edma.o
 .debug_abbrev  0x0000147b      0x27a ./drivers/fsl_enet.o
 .debug_abbrev  0x000016f5      0x2dd ./drivers/fsl_flexcan.o
 .debug_abbrev  0x000019d2      0x195 ./drivers/fsl_gpio.o
 .debug_abbrev  0x00001b67      0x329 ./drivers/fsl_i2c.o
 .debug_abbrev  0x00001e90      0x188 ./drivers/fsl_lptmr.o
 .debug_abbrev  0x00002018      0x1b3 ./drivers/fsl_pit.o
 .debug_abbrev  0x000021cb      0x2a7 ./drivers/fsl_sai.o
 .debug_abbrev  0x00002472      0x292 ./drivers/fsl_sdhc.o
 .debug_abbrev  0x00002704      0x2d9 ./drivers/fsl_uart.o
 .debug_abbrev  0x000029dd      0x188 ./board/pin_mux.o
 .debug_abbrev  0x00002b65      0x11a ./CMSIS/system_MK60D10.o

.debug_aranges  0x00000000     0x1228
 .debug_aranges
                0x00000000       0x90 ./utilities/fsl_debug_console.o
 .debug_aranges
                0x00000090       0x20 ./utilities/fsl_sbrk.o
 .debug_aranges
                0x000000b0       0x20 ./startup/startup_MK60D10.o
 .debug_aranges
                0x000000d0      0x110 ./source/main.o
 .debug_aranges
                0x000001e0       0x90 ./drivers/fsl_adc16.o
 .debug_aranges
                0x00000270      0x1e8 ./drivers/fsl_clock.o
 .debug_aranges
                0x00000458       0x38 ./drivers/fsl_common.o
 .debug_aranges
                0x00000490      0x1a8 ./drivers/fsl_dspi.o
 .debug_aranges
                0x00000638      0x208 ./drivers/fsl_edma.o
 .debug_aranges
                0x00000840      0x148 ./drivers/fsl_enet.o
 .debug_aranges
                0x00000988      0x188 ./drivers/fsl_flexcan.o
 .debug_aranges
                0x00000b10       0x40 ./drivers/fsl_gpio.o
 .debug_aranges
                0x00000b50      0x178 ./drivers/fsl_i2c.o
 .debug_aranges
                0x00000cc8       0x48 ./drivers/fsl_lptmr.o
 .debug_aranges
                0x00000d10       0x40 ./drivers/fsl_pit.o
 .debug_aranges
                0x00000d50      0x168 ./drivers/fsl_sai.o
 .debug_aranges
                0x00000eb8      0x198 ./drivers/fsl_sdhc.o
 .debug_aranges
                0x00001050      0x170 ./drivers/fsl_uart.o
 .debug_aranges
                0x000011c0       0x40 ./board/pin_mux.o
 .debug_aranges
                0x00001200       0x28 ./CMSIS/system_MK60D10.o

.debug_ranges   0x00000000     0x10d8
 .debug_ranges  0x00000000       0x80 ./utilities/fsl_debug_console.o
 .debug_ranges  0x00000080       0x10 ./utilities/fsl_sbrk.o
 .debug_ranges  0x00000090      0x100 ./source/main.o
 .debug_ranges  0x00000190       0x80 ./drivers/fsl_adc16.o
 .debug_ranges  0x00000210      0x1d8 ./drivers/fsl_clock.o
 .debug_ranges  0x000003e8       0x28 ./drivers/fsl_common.o
 .debug_ranges  0x00000410      0x198 ./drivers/fsl_dspi.o
 .debug_ranges  0x000005a8      0x1f8 ./drivers/fsl_edma.o
 .debug_ranges  0x000007a0      0x138 ./drivers/fsl_enet.o
 .debug_ranges  0x000008d8      0x178 ./drivers/fsl_flexcan.o
 .debug_ranges  0x00000a50       0x30 ./drivers/fsl_gpio.o
 .debug_ranges  0x00000a80      0x168 ./drivers/fsl_i2c.o
 .debug_ranges  0x00000be8       0x38 ./drivers/fsl_lptmr.o
 .debug_ranges  0x00000c20       0x30 ./drivers/fsl_pit.o
 .debug_ranges  0x00000c50      0x158 ./drivers/fsl_sai.o
 .debug_ranges  0x00000da8      0x188 ./drivers/fsl_sdhc.o
 .debug_ranges  0x00000f30      0x160 ./drivers/fsl_uart.o
 .debug_ranges  0x00001090       0x30 ./board/pin_mux.o
 .debug_ranges  0x000010c0       0x18 ./CMSIS/system_MK60D10.o

.debug_macro    0x00000000    0x14512
 .debug_macro   0x00000000      0x1ee ./utilities/fsl_debug_console.o
 .debug_macro   0x000001ee      0x868 ./utilities/fsl_debug_console.o
 .debug_macro   0x00000a56       0x58 ./utilities/fsl_debug_console.o
 .debug_macro   0x00000aae       0x58 ./utilities/fsl_debug_console.o
 .debug_macro   0x00000b06       0x16 ./utilities/fsl_debug_console.o
 .debug_macro   0x00000b1c       0x35 ./utilities/fsl_debug_console.o
 .debug_macro   0x00000b51       0xa3 ./utilities/fsl_debug_console.o
 .debug_macro   0x00000bf4       0x16 ./utilities/fsl_debug_console.o
 .debug_macro   0x00000c0a      0x10e ./utilities/fsl_debug_console.o
 .debug_macro   0x00000d18       0x7f ./utilities/fsl_debug_console.o
 .debug_macro   0x00000d97       0x4a ./utilities/fsl_debug_console.o
 .debug_macro   0x00000de1       0x52 ./utilities/fsl_debug_console.o
 .debug_macro   0x00000e33       0x16 ./utilities/fsl_debug_console.o
 .debug_macro   0x00000e49       0x43 ./utilities/fsl_debug_console.o
 .debug_macro   0x00000e8c      0x180 ./utilities/fsl_debug_console.o
 .debug_macro   0x0000100c       0x16 ./utilities/fsl_debug_console.o
 .debug_macro   0x00001022       0x29 ./utilities/fsl_debug_console.o
 .debug_macro   0x0000104b      0x1e1 ./utilities/fsl_debug_console.o
 .debug_macro   0x0000122c       0x16 ./utilities/fsl_debug_console.o
 .debug_macro   0x00001242       0x22 ./utilities/fsl_debug_console.o
 .debug_macro   0x00001264      0x20f ./utilities/fsl_debug_console.o
 .debug_macro   0x00001473      0x2a6 ./utilities/fsl_debug_console.o
 .debug_macro   0x00001719       0x10 ./utilities/fsl_debug_console.o
 .debug_macro   0x00001729       0x35 ./utilities/fsl_debug_console.o
 .debug_macro   0x0000175e       0x1f ./utilities/fsl_debug_console.o
 .debug_macro   0x0000177d       0x10 ./utilities/fsl_debug_console.o
 .debug_macro   0x0000178d       0x59 ./utilities/fsl_debug_console.o
 .debug_macro   0x000017e6       0x3b ./utilities/fsl_debug_console.o
 .debug_macro   0x00001821       0x50 ./utilities/fsl_debug_console.o
 .debug_macro   0x00001871      0xbc6 ./utilities/fsl_debug_console.o
 .debug_macro   0x00002437       0x3d ./utilities/fsl_debug_console.o
 .debug_macro   0x00002474     0xe33e ./utilities/fsl_debug_console.o
 .debug_macro   0x000107b2     0x13d4 ./utilities/fsl_debug_console.o
 .debug_macro   0x00011b86       0x3a ./utilities/fsl_debug_console.o
 .debug_macro   0x00011bc0      0x171 ./utilities/fsl_debug_console.o
 .debug_macro   0x00011d31       0x35 ./utilities/fsl_debug_console.o
 .debug_macro   0x00011d66       0x3a ./utilities/fsl_debug_console.o
 .debug_macro   0x00011da0       0x10 ./utilities/fsl_debug_console.o
 .debug_macro   0x00011db0       0xfd ./utilities/fsl_sbrk.o
 .debug_macro   0x00011ead       0x16 ./utilities/fsl_sbrk.o
 .debug_macro   0x00011ec3       0x97 ./utilities/fsl_sbrk.o
 .debug_macro   0x00011f5a       0x10 ./utilities/fsl_sbrk.o
 .debug_macro   0x00011f6a       0xef ./utilities/fsl_sbrk.o
 .debug_macro   0x00012059       0x10 ./utilities/fsl_sbrk.o
 .debug_macro   0x00012069       0x22 ./utilities/fsl_sbrk.o
 .debug_macro   0x0001208b       0xbd ./utilities/fsl_sbrk.o
 .debug_macro   0x00012148       0x16 ./utilities/fsl_sbrk.o
 .debug_macro   0x0001215e      0x16c ./utilities/fsl_sbrk.o
 .debug_macro   0x000122ca       0x10 ./utilities/fsl_sbrk.o
 .debug_macro   0x000122da      0x241 ./utilities/fsl_sbrk.o
 .debug_macro   0x0001251b      0x24a ./source/main.o
 .debug_macro   0x00012765       0x10 ./source/main.o
 .debug_macro   0x00012775       0x10 ./source/main.o
 .debug_macro   0x00012785       0x10 ./source/main.o
 .debug_macro   0x00012795       0xf4 ./source/main.o
 .debug_macro   0x00012889      0x196 ./drivers/fsl_adc16.o
 .debug_macro   0x00012a1f      0x24c ./drivers/fsl_clock.o
 .debug_macro   0x00012c6b      0x199 ./drivers/fsl_common.o
 .debug_macro   0x00012e04      0x195 ./drivers/fsl_dspi.o
 .debug_macro   0x00012f99       0x3a ./drivers/fsl_dspi.o
 .debug_macro   0x00012fd3      0x19b ./drivers/fsl_edma.o
 .debug_macro   0x0001316e       0x16 ./drivers/fsl_edma.o
 .debug_macro   0x00013184      0x26d ./drivers/fsl_enet.o
 .debug_macro   0x000133f1       0xb6 ./drivers/fsl_enet.o
 .debug_macro   0x000134a7      0x19b ./drivers/fsl_flexcan.o
 .debug_macro   0x00013642       0xcf ./drivers/fsl_flexcan.o
 .debug_macro   0x00013711      0x196 ./drivers/fsl_gpio.o
 .debug_macro   0x000138a7      0x196 ./drivers/fsl_i2c.o
 .debug_macro   0x00013a3d      0x196 ./drivers/fsl_lptmr.o
 .debug_macro   0x00013bd3      0x196 ./drivers/fsl_pit.o
 .debug_macro   0x00013d69      0x195 ./drivers/fsl_sai.o
 .debug_macro   0x00013efe       0x11 ./drivers/fsl_sai.o
 .debug_macro   0x00013f0f      0x1ad ./drivers/fsl_sdhc.o
 .debug_macro   0x000140bc       0x64 ./drivers/fsl_sdhc.o
 .debug_macro   0x00014120      0x19c ./drivers/fsl_uart.o
 .debug_macro   0x000142bc      0x1a1 ./board/pin_mux.o
 .debug_macro   0x0001445d       0x10 ./board/pin_mux.o
 .debug_macro   0x0001446d       0xa5 ./CMSIS/system_MK60D10.o

.debug_line     0x00000000     0x8c19
 .debug_line    0x00000000      0x7ba ./utilities/fsl_debug_console.o
 .debug_line    0x000007ba      0x21e ./utilities/fsl_sbrk.o
 .debug_line    0x000009d8      0x17e ./startup/startup_MK60D10.o
 .debug_line    0x00000b56      0x757 ./source/main.o
 .debug_line    0x000012ad      0x500 ./drivers/fsl_adc16.o
 .debug_line    0x000017ad      0xb14 ./drivers/fsl_clock.o
 .debug_line    0x000022c1      0x3d9 ./drivers/fsl_common.o
 .debug_line    0x0000269a      0xb83 ./drivers/fsl_dspi.o
 .debug_line    0x0000321d      0xb47 ./drivers/fsl_edma.o
 .debug_line    0x00003d64      0x9a2 ./drivers/fsl_enet.o
 .debug_line    0x00004706      0xac3 ./drivers/fsl_flexcan.o
 .debug_line    0x000051c9      0x3b6 ./drivers/fsl_gpio.o
 .debug_line    0x0000557f      0xad8 ./drivers/fsl_i2c.o
 .debug_line    0x00006057      0x3dd ./drivers/fsl_lptmr.o
 .debug_line    0x00006434      0x3b0 ./drivers/fsl_pit.o
 .debug_line    0x000067e4      0x941 ./drivers/fsl_sai.o
 .debug_line    0x00007125      0xa87 ./drivers/fsl_sdhc.o
 .debug_line    0x00007bac      0xa12 ./drivers/fsl_uart.o
 .debug_line    0x000085be      0x3e0 ./board/pin_mux.o
 .debug_line    0x0000899e      0x27b ./CMSIS/system_MK60D10.o

.debug_str      0x00000000    0x891a3
 .debug_str     0x00000000    0x7aa0e ./utilities/fsl_debug_console.o
                              0x7ad41 (size before relaxing)
 .debug_str     0x0007aa0e      0xfc0 ./utilities/fsl_sbrk.o
                               0x4bef (size before relaxing)
 .debug_str     0x0007b9ce     0x1f3e ./source/main.o
                              0x7c5c7 (size before relaxing)
 .debug_str     0x0007d90c      0x44e ./drivers/fsl_adc16.o
                              0x7a7cf (size before relaxing)
 .debug_str     0x0007dd5a     0x1647 ./drivers/fsl_clock.o
                              0x7b5a4 (size before relaxing)
 .debug_str     0x0007f3a1      0x16c ./drivers/fsl_common.o
                              0x79dbe (size before relaxing)
 .debug_str     0x0007f50d     0x1284 ./drivers/fsl_dspi.o
                              0x7b70f (size before relaxing)
 .debug_str     0x00080791      0xfd5 ./drivers/fsl_edma.o
                              0x7b4c7 (size before relaxing)
 .debug_str     0x00081766     0x1ce0 ./drivers/fsl_enet.o
                              0x7c1a6 (size before relaxing)
 .debug_str     0x00083446     0x1d7f ./drivers/fsl_flexcan.o
                              0x7c207 (size before relaxing)
 .debug_str     0x000851c5      0x143 ./drivers/fsl_gpio.o
                              0x79b82 (size before relaxing)
 .debug_str     0x00085308      0xb77 ./drivers/fsl_i2c.o
                              0x7b03c (size before relaxing)
 .debug_str     0x00085e7f       0x73 ./drivers/fsl_lptmr.o
                              0x7a15b (size before relaxing)
 .debug_str     0x00085ef2       0x50 ./drivers/fsl_pit.o
                              0x79d68 (size before relaxing)
 .debug_str     0x00085f42      0xa36 ./drivers/fsl_sai.o
                              0x7af23 (size before relaxing)
 .debug_str     0x00086978     0x18e1 ./drivers/fsl_sdhc.o
                              0x7bdad (size before relaxing)
 .debug_str     0x00088259      0xb3b ./drivers/fsl_uart.o
                              0x7b169 (size before relaxing)
 .debug_str     0x00088d94      0x35a ./board/pin_mux.o
                              0x7a15d (size before relaxing)
 .debug_str     0x000890ee       0xb5 ./CMSIS/system_MK60D10.o
                              0x76594 (size before relaxing)

.comment        0x00000000       0x70
 .comment       0x00000000       0x70 ./utilities/fsl_debug_console.o
                                 0x71 (size before relaxing)
 .comment       0x00000000       0x71 ./utilities/fsl_sbrk.o
 .comment       0x00000000       0x71 ./source/main.o
 .comment       0x00000000       0x71 ./drivers/fsl_adc16.o
 .comment       0x00000000       0x71 ./drivers/fsl_clock.o
 .comment       0x00000000       0x71 ./drivers/fsl_common.o
 .comment       0x00000000       0x71 ./drivers/fsl_dspi.o
 .comment       0x00000000       0x71 ./drivers/fsl_edma.o
 .comment       0x00000000       0x71 ./drivers/fsl_enet.o
 .comment       0x00000000       0x71 ./drivers/fsl_flexcan.o
 .comment       0x00000000       0x71 ./drivers/fsl_gpio.o
 .comment       0x00000000       0x71 ./drivers/fsl_i2c.o
 .comment       0x00000000       0x71 ./drivers/fsl_lptmr.o
 .comment       0x00000000       0x71 ./drivers/fsl_pit.o
 .comment       0x00000000       0x71 ./drivers/fsl_sai.o
 .comment       0x00000000       0x71 ./drivers/fsl_sdhc.o
 .comment       0x00000000       0x71 ./drivers/fsl_uart.o
 .comment       0x00000000       0x71 ./board/pin_mux.o
 .comment       0x00000000       0x71 ./CMSIS/system_MK60D10.o

.debug_frame    0x00000000     0x42f0
 .debug_frame   0x00000000      0x1ec ./utilities/fsl_debug_console.o
 .debug_frame   0x000001ec       0x30 ./utilities/fsl_sbrk.o
 .debug_frame   0x0000021c      0x3b4 ./source/main.o
 .debug_frame   0x000005d0      0x1d0 ./drivers/fsl_adc16.o
 .debug_frame   0x000007a0      0x6ac ./drivers/fsl_clock.o
 .debug_frame   0x00000e4c       0x88 ./drivers/fsl_common.o
 .debug_frame   0x00000ed4      0x604 ./drivers/fsl_dspi.o
 .debug_frame   0x000014d8      0x758 ./drivers/fsl_edma.o
 .debug_frame   0x00001c30      0x494 ./drivers/fsl_enet.o
 .debug_frame   0x000020c4      0x58c ./drivers/fsl_flexcan.o
 .debug_frame   0x00002650       0xac ./drivers/fsl_gpio.o
 .debug_frame   0x000026fc      0x558 ./drivers/fsl_i2c.o
 .debug_frame   0x00002c54       0xc8 ./drivers/fsl_lptmr.o
 .debug_frame   0x00002d1c       0xa8 ./drivers/fsl_pit.o
 .debug_frame   0x00002dc4      0x4fc ./drivers/fsl_sai.o
 .debug_frame   0x000032c0      0x5cc ./drivers/fsl_sdhc.o
 .debug_frame   0x0000388c      0x51c ./drivers/fsl_uart.o
 .debug_frame   0x00003da8       0xa0 ./board/pin_mux.o
 .debug_frame   0x00003e48       0x44 ./CMSIS/system_MK60D10.o
 .debug_frame   0x00003e8c       0x50 d:/freescale/kds_3.0.0/toolchain/bin/../lib/gcc/arm-none-eabi/4.8.4/armv7e-m\libgcc.a(bpabi.o)
 .debug_frame   0x00003edc       0x34 d:/freescale/kds_3.0.0/toolchain/bin/../lib/gcc/arm-none-eabi/4.8.4/armv7e-m\libgcc.a(_divdi3.o)
 .debug_frame   0x00003f10       0x34 d:/freescale/kds_3.0.0/toolchain/bin/../lib/gcc/arm-none-eabi/4.8.4/armv7e-m\libgcc.a(_udivdi3.o)
 .debug_frame   0x00003f44       0x20 d:/freescale/kds_3.0.0/toolchain/bin/../lib/gcc/arm-none-eabi/4.8.4/../../../../arm-none-eabi/lib/armv7e-m\libg_s.a(lib_a-errno.o)
 .debug_frame   0x00003f64       0x28 d:/freescale/kds_3.0.0/toolchain/bin/../lib/gcc/arm-none-eabi/4.8.4/../../../../arm-none-eabi/lib/armv7e-m\libg_s.a(lib_a-exit.o)
 .debug_frame   0x00003f8c       0x2c d:/freescale/kds_3.0.0/toolchain/bin/../lib/gcc/arm-none-eabi/4.8.4/../../../../arm-none-eabi/lib/armv7e-m\libg_s.a(lib_a-init.o)
 .debug_frame   0x00003fb8       0x28 d:/freescale/kds_3.0.0/toolchain/bin/../lib/gcc/arm-none-eabi/4.8.4/../../../../arm-none-eabi/lib/armv7e-m\libg_s.a(lib_a-memcpy-stub.o)
 .debug_frame   0x00003fe0       0x2c d:/freescale/kds_3.0.0/toolchain/bin/../lib/gcc/arm-none-eabi/4.8.4/../../../../arm-none-eabi/lib/armv7e-m\libg_s.a(lib_a-memmove.o)
 .debug_frame   0x0000400c       0x20 d:/freescale/kds_3.0.0/toolchain/bin/../lib/gcc/arm-none-eabi/4.8.4/../../../../arm-none-eabi/lib/armv7e-m\libg_s.a(lib_a-memset.o)
 .debug_frame   0x0000402c       0x58 d:/freescale/kds_3.0.0/toolchain/bin/../lib/gcc/arm-none-eabi/4.8.4/../../../../arm-none-eabi/lib/armv7e-m\libg_s.a(lib_a-sprintf.o)
 .debug_frame   0x00004084       0x20 d:/freescale/kds_3.0.0/toolchain/bin/../lib/gcc/arm-none-eabi/4.8.4/../../../../arm-none-eabi/lib/armv7e-m\libg_s.a(lib_a-strlen.o)
 .debug_frame   0x000040a4       0x88 d:/freescale/kds_3.0.0/toolchain/bin/../lib/gcc/arm-none-eabi/4.8.4/../../../../arm-none-eabi/lib/armv7e-m\libg_s.a(lib_a-svfprintf.o)
 .debug_frame   0x0000412c       0x60 d:/freescale/kds_3.0.0/toolchain/bin/../lib/gcc/arm-none-eabi/4.8.4/../../../../arm-none-eabi/lib/armv7e-m\libg_s.a(lib_a-vfprintf_i.o)
 .debug_frame   0x0000418c       0x28 d:/freescale/kds_3.0.0/toolchain/bin/../lib/gcc/arm-none-eabi/4.8.4/../../../../arm-none-eabi/lib/armv7e-m\libg_s.a(lib_a-memchr-stub.o)
 .debug_frame   0x000041b4       0x2c d:/freescale/kds_3.0.0/toolchain/bin/../lib/gcc/arm-none-eabi/4.8.4/../../../../arm-none-eabi/lib/armv7e-m\libg_s.a(lib_a-nano-freer.o)
 .debug_frame   0x000041e0       0x2c d:/freescale/kds_3.0.0/toolchain/bin/../lib/gcc/arm-none-eabi/4.8.4/../../../../arm-none-eabi/lib/armv7e-m\libg_s.a(lib_a-nano-mallocr.o)
 .debug_frame   0x0000420c       0x30 d:/freescale/kds_3.0.0/toolchain/bin/../lib/gcc/arm-none-eabi/4.8.4/../../../../arm-none-eabi/lib/armv7e-m\libg_s.a(lib_a-nano-reallocr.o)
 .debug_frame   0x0000423c       0x2c d:/freescale/kds_3.0.0/toolchain/bin/../lib/gcc/arm-none-eabi/4.8.4/../../../../arm-none-eabi/lib/armv7e-m\libg_s.a(lib_a-sbrkr.o)
 .debug_frame   0x00004268       0x20 d:/freescale/kds_3.0.0/toolchain/bin/../lib/gcc/arm-none-eabi/4.8.4/../../../../arm-none-eabi/lib/armv7e-m\libg_s.a(lib_a-nano-msizer.o)
 .debug_frame   0x00004288       0x48 d:/freescale/kds_3.0.0/toolchain/bin/../lib/gcc/arm-none-eabi/4.8.4/../../../../arm-none-eabi/lib/armv7e-m\libg_s.a(lib_a-reent.o)
 .debug_frame   0x000042d0       0x20 d:/freescale/kds_3.0.0/toolchain/bin/../lib/gcc/arm-none-eabi/4.8.4/../../../../arm-none-eabi/lib/armv7e-m\libnosys.a(_exit.o)
